BL51 BANKED LINKER/LOCATER V6.10                                                        02/19/2008  13:55:18  PAGE 1


BL51 BANKED LINKER/LOCATER V6.10, INVOKED BY:
C:\KEIL\C51\BIN\BL51.EXE STARTUP.obj, mscbmain.obj, mscbutil.obj, feb64.obj, PCA9539_io.obj, .\SMBus_handler.obj, LTC166
>> 9_dac.obj TO feb64 RAMSIZE (256) CODE (?PR?UPGRADE?MSCBMAIN (0X3000))


MEMORY MODEL: SMALL


INPUT MODULES INCLUDED:
  STARTUP.obj (?C_STARTUP)
  mscbmain.obj (MSCBMAIN)
  mscbutil.obj (MSCBUTIL)
  feb64.obj (FEB64)
  PCA9539_io.obj (PCA9539_IO)
  .\SMBus_handler.obj (SMBUS_HANDLER)
  LTC1669_dac.obj (LTC1669_DAC)
  C:\KEIL\C51\LIB\C51S.LIB (?C_INIT)
  C:\KEIL\C51\LIB\C51S.LIB (?C?CLDPTR)
  C:\KEIL\C51\LIB\C51S.LIB (?C?CLDOPTR)
  C:\KEIL\C51\LIB\C51S.LIB (?C?CSTPTR)
  C:\KEIL\C51\LIB\C51S.LIB (?C?CSTOPTR)
  C:\KEIL\C51\LIB\C51S.LIB (?C?IMUL)
  C:\KEIL\C51\LIB\C51S.LIB (?C?SIDIV)
  C:\KEIL\C51\LIB\C51S.LIB (?C?ILDPTR)
  C:\KEIL\C51\LIB\C51S.LIB (?C?IILDPTR)
  C:\KEIL\C51\LIB\C51S.LIB (?C?SLCMP)
  C:\KEIL\C51\LIB\C51S.LIB (?C?ULCMP)
  C:\KEIL\C51\LIB\C51S.LIB (?C?LSTIDATA)
  C:\KEIL\C51\LIB\C51S.LIB (?C?OFFX256)
  C:\KEIL\C51\LIB\C51S.LIB (?C?PLDOPTR)
  C:\KEIL\C51\LIB\C51S.LIB (?C?CCASE)
  C:\KEIL\C51\LIB\C51S.LIB (?C_IBP)
  C:\KEIL\C51\LIB\C51S.LIB (STRNCPY)
  C:\KEIL\C51\LIB\C51S.LIB (?C?MEMSET)
  C:\KEIL\C51\LIB\C51S.LIB (?C?UIDIV)
  C:\KEIL\C51\LIB\C51S.LIB (?C?IILDX)
  C:\KEIL\C51\LIB\C51S.LIB (?C?PLDIDATA)
  C:\KEIL\C51\LIB\C51S.LIB (?C?PLDXDATA)
  C:\KEIL\C51\LIB\C51S.LIB (?C?PLDPDATA)
  C:\KEIL\C51\LIB\C51S.LIB (?C?PLDCODE)


LINK MAP OF MODULE:  feb64 (?C_STARTUP)


            TYPE    BASE      LENGTH    RELOCATION   SEGMENT NAME
            -----------------------------------------------------

            * * * * * * *   D A T A   M E M O R Y   * * * * * * *
            REG     0000H     0008H     ABSOLUTE     "REG BANK 0"
            DATA    0008H     0016H     UNIT         ?DT?MSCBMAIN
            DATA    001EH     0001H     UNIT         ?C?LIB_DATA
            IDATA   001FH     0001H     UNIT         ?ID?FEB64
            DATA    0020H     0001H     BIT_ADDR     ?BA?MSCBMAIN
            BIT     0021H.0   0000H.7   UNIT         ?BI?MSCBMAIN
            BIT     0021H.7   0000H.1   UNIT         ?BI?MSCBUTIL
            BIT     0022H.0   0000H.1   UNIT         _BIT_GROUP_
                    0022H.1   0000H.7                *** GAP ***
BL51 BANKED LINKER/LOCATER V6.10                                                      02/19/2008  13:55:18  PAGE 2


            DATA    0023H     002CH     UNIT         _DATA_GROUP_
            DATA    004FH     000CH     UNIT         ?DT?MSCBUTIL
            DATA    005BH     0004H     UNIT         ?DT?_DELAY_MS?MSCBUTIL
            DATA    005FH     0004H     UNIT         ?DT?_DELAY_US?MSCBUTIL
            DATA    0063H     0004H     UNIT         ?DT?FEB64
            IDATA   0067H     000BH     UNIT         _IDATA_GROUP_
            IDATA   0072H     000AH     UNIT         ?ID?MSCBMAIN
            IDATA   007CH     0004H     UNIT         ?ID?MSCBUTIL
            IDATA   0080H     0001H     ABSOLUTE     
            IDATA   0081H     0001H     ABSOLUTE     
            IDATA   0082H     0001H     UNIT         ?STACK

            * * * * * * *  X D A T A   M E M O R Y  * * * * * * *
            XDATA   0000H     0127H     UNIT         ?XD?FEB64
            XDATA   0127H     0080H     UNIT         ?XD?MSCBMAIN

            * * * * * * *   C O D E   M E M O R Y   * * * * * * *
            CODE    0000H     0003H     ABSOLUTE     
            CODE    0003H     0008H     UNIT         ?PR?_CRC8_ADD?MSCBUTIL
            CODE    000BH     0003H     ABSOLUTE     
            CODE    000EH     0013H     UNIT         ?PR?SMBUS_INIT?SMBUS_HANDLER
                    0021H     0002H                  *** GAP ***
            CODE    0023H     0003H     ABSOLUTE     
            CODE    0026H     0875H     UNIT         ?CO?FEB64
            CODE    089BH     079EH     UNIT         ?PR?INTERPRETE?MSCBMAIN
            CODE    1039H     0301H     UNIT         ?PR?SETUP?MSCBMAIN
            CODE    133AH     027DH     UNIT         ?C?LIB_CODE
            CODE    15B7H     0113H     UNIT         ?PR?SERIAL_INT?MSCBMAIN
            CODE    16CAH     010AH     UNIT         ?CO?MSCBUTIL
            CODE    17D4H     00C9H     UNIT         ?PR?_EEPROM_RETRIEVE?MSCBUTIL
            CODE    189DH     00B5H     UNIT         ?PR?_EEPROM_WRITE?MSCBUTIL
            CODE    1952H     00A3H     UNIT         ?PR?EEPROM_FLASH?MSCBUTIL
            CODE    19F5H     009DH     UNIT         ?PR?_?LED_INT?MSCBUTIL
            CODE    1A92H     008CH     UNIT         ?C_C51STARTUP
            CODE    1B1EH     008CH     UNIT         ?PR?_?CRC8?MSCBUTIL
            CODE    1BAAH     007EH     UNIT         ?PR?TIMER0_INT?MSCBUTIL
            CODE    1C28H     007BH     UNIT         ?PR?_SEND_BYTE?MSCBMAIN
            CODE    1CA3H     0079H     UNIT         ?PR?_?LED_BLINK?MSCBUTIL
            CODE    1D1CH     006BH     UNIT         ?PR?YIELD?MSCBMAIN
            CODE    1D87H     0068H     UNIT         ?PR?_EEPROM_READ?MSCBUTIL
            CODE    1DEFH     0061H     UNIT         ?PR?_ADDR_NODE16?MSCBMAIN
            CODE    1E50H     0056H     UNIT         ?PR?_DELAY_US?MSCBUTIL
            CODE    1EA6H     0052H     UNIT         ?PR?_STRNCPY?STRNCPY
            CODE    1EF8H     004EH     UNIT         ?PR?EEPROM_ERASE?MSCBUTIL
            CODE    1F46H     0048H     UNIT         ?PR?_ADDR_NODE8?MSCBMAIN
            CODE    1F8EH     0047H     UNIT         ?PR?_LTC1669_CMD?LTC1669_DAC
            CODE    1FD5H     0042H     UNIT         ?PR?SYSCLOCK_RESET?MSCBUTIL
            CODE    2017H     0041H     UNIT         ?PR?_?LED_SET?MSCBUTIL
            CODE    2058H     003EH     UNIT         ?PR?USER_LOOP?FEB64
            CODE    2096H     0035H     UNIT         ?PR?_PCA_OPERATION?FEB64
            CODE    20CBH     0035H     UNIT         ?PR?SMBUS_SERIALINTERRUPT?SMBUS_HANDLER
            CODE    2100H     0034H     UNIT         ?PR?_?USER_WRITE?FEB64
            CODE    2134H     002DH     UNIT         ?PR?_USER_FUNC?FEB64
            CODE    2161H     002BH     UNIT         ?PR?_DELAY_MS?MSCBUTIL
            CODE    218CH     0029H     UNIT         ?PR?_UART_INIT?MSCBUTIL
            CODE    21B5H     0029H     UNIT         ?PR?_?WATCHDOG_REFRESH?MSCBUTIL
            CODE    21DEH     0027H     UNIT         ?PR?_?LED_MODE?MSCBUTIL
BL51 BANKED LINKER/LOCATER V6.10                                                      02/19/2008  13:55:18  PAGE 3


            CODE    2205H     0022H     UNIT         ?PR?_SMBUS_WRITEBYTE?SMBUS_HANDLER
            CODE    2227H     0020H     UNIT         ?PR?_?WATCHDOG_INT?MSCBUTIL
            CODE    2247H     001FH     UNIT         ?PR?SYSCLOCK_INIT?MSCBUTIL
            CODE    2266H     001EH     UNIT         ?PR?_WATCHDOG_ENABLE?MSCBUTIL
            CODE    2284H     001DH     UNIT         ?PR?_SEND_OBUF?MSCBMAIN
            CODE    22A1H     001CH     UNIT         ?PR?_USER_INIT?FEB64
            CODE    22BDH     000EH     UNIT         ?PR?WATCHDOG_DISABLE?MSCBUTIL
            CODE    22CBH     000DH     UNIT         ?PR?TIME?MSCBUTIL
            CODE    22D8H     000DH     UNIT         ?PR?UPTIME?MSCBUTIL
            CODE    22E5H     000CH     UNIT         ?C_INITSEG
            CODE    22F1H     000BH     UNIT         ?PR?MAIN?MSCBMAIN
            CODE    22FCH     000BH     UNIT         ?CO?MSCBMAIN
            CODE    2307H     000AH     UNIT         ?PR?SMBUS_START?SMBUS_HANDLER
            CODE    2311H     000AH     UNIT         ?PR?SMBUS_READBYTE?SMBUS_HANDLER
            CODE    231BH     0005H     UNIT         ?PR?CUR_SUB_ADDR?MSCBMAIN
            CODE    2320H     0005H     UNIT         ?PR?_USER_READ?FEB64
            CODE    2325H     0005H     UNIT         ?PR?SMBUS_STOP?SMBUS_HANDLER
            CODE    232AH     0003H     UNIT         ?PR?LTC1669_INIT?LTC1669_DAC
                    232DH     0CD3H                  *** GAP ***
            CODE    3000H     060DH     UNIT         ?PR?UPGRADE?MSCBMAIN



OVERLAY MAP OF MODULE:   feb64 (?C_STARTUP)


SEGMENT                                            BIT_GROUP          DATA_GROUP          IDATA_GROUP
  +--> CALLED SEGMENT                           START    LENGTH     START    LENGTH     START    LENGTH
-------------------------------------------------------------------------------------------------------
?C_C51STARTUP                                   -----    -----      -----    -----      -----    -----
  +--> ?PR?MAIN?MSCBMAIN
  +--> ?C_INITSEG

?PR?MAIN?MSCBMAIN                               -----    -----      -----    -----      -----    -----
  +--> ?PR?SETUP?MSCBMAIN
  +--> ?PR?YIELD?MSCBMAIN
  +--> ?PR?USER_LOOP?FEB64

?PR?SETUP?MSCBMAIN                              -----    -----      0023H    0004H      -----    -----
  +--> ?PR?WATCHDOG_DISABLE?MSCBUTIL
  +--> ?PR?SYSCLOCK_INIT?MSCBUTIL
  +--> ?PR?_?LED_MODE?MSCBUTIL
  +--> ?PR?_UART_INIT?MSCBUTIL
  +--> ?PR?_EEPROM_RETRIEVE?MSCBUTIL
  +--> ?CO?FEB64
  +--> ?PR?_STRNCPY?STRNCPY
  +--> ?CO?MSCBMAIN
  +--> ?PR?_USER_INIT?FEB64
  +--> ?PR?_?LED_BLINK?MSCBUTIL

?PR?SYSCLOCK_INIT?MSCBUTIL                      -----    -----      -----    -----      -----    -----
  +--> ?PR?SYSCLOCK_RESET?MSCBUTIL

?PR?_UART_INIT?MSCBUTIL                         -----    -----      -----    -----      -----    -----
  +--> ?CO?MSCBUTIL

?PR?_EEPROM_RETRIEVE?MSCBUTIL                   -----    -----      0027H    0007H      -----    -----
BL51 BANKED LINKER/LOCATER V6.10                                                      02/19/2008  13:55:18  PAGE 4


  +--> ?PR?_EEPROM_READ?MSCBUTIL

?PR?_EEPROM_READ?MSCBUTIL                       -----    -----      002EH    000AH      -----    -----
  +--> ?PR?_?WATCHDOG_REFRESH?MSCBUTIL

?PR?_STRNCPY?STRNCPY                            -----    -----      0027H    000AH      -----    -----

?PR?_USER_INIT?FEB64                            -----    -----      -----    -----      -----    -----
  +--> ?PR?_PCA_OPERATION?FEB64
  +--> ?PR?LTC1669_INIT?LTC1669_DAC

?PR?LTC1669_INIT?LTC1669_DAC                    -----    -----      -----    -----      -----    -----
  +--> ?PR?SMBUS_INIT?SMBUS_HANDLER

?PR?YIELD?MSCBMAIN                              -----    -----      -----    -----      -----    -----
  +--> ?PR?_?WATCHDOG_REFRESH?MSCBUTIL
  +--> ?PR?_?LED_BLINK?MSCBUTIL
  +--> ?PR?EEPROM_FLASH?MSCBUTIL
  +--> ?PR?UPGRADE?MSCBMAIN
  +--> ?PR?TIME?MSCBUTIL

?PR?EEPROM_FLASH?MSCBUTIL                       -----    -----      0023H    0006H      -----    -----
  +--> ?PR?EEPROM_ERASE?MSCBUTIL
  +--> ?PR?_EEPROM_WRITE?MSCBUTIL

?PR?EEPROM_ERASE?MSCBUTIL                       -----    -----      -----    -----      0067H    0003H
  +--> ?PR?WATCHDOG_DISABLE?MSCBUTIL
  +--> ?PR?_?WATCHDOG_REFRESH?MSCBUTIL
  +--> ?PR?_WATCHDOG_ENABLE?MSCBUTIL

?PR?_EEPROM_WRITE?MSCBUTIL                      -----    -----      0029H    0007H      0067H    0007H
  +--> ?PR?WATCHDOG_DISABLE?MSCBUTIL
  +--> ?PR?_WATCHDOG_ENABLE?MSCBUTIL

?PR?UPGRADE?MSCBMAIN                            -----    -----      0023H    000DH      -----    -----

?PR?USER_LOOP?FEB64                             -----    -----      0023H    0001H      -----    -----
  +--> ?PR?_?WATCHDOG_REFRESH?MSCBUTIL
  +--> ?PR?_PCA_OPERATION?FEB64
  +--> ?PR?_LTC1669_CMD?LTC1669_DAC

?PR?_LTC1669_CMD?LTC1669_DAC                    0022H.0  0000H.1    0024H    0004H      -----    -----
  +--> ?PR?_?WATCHDOG_REFRESH?MSCBUTIL
  +--> ?PR?SMBUS_START?SMBUS_HANDLER
  +--> ?PR?_SMBUS_WRITEBYTE?SMBUS_HANDLER
  +--> ?PR?SMBUS_READBYTE?SMBUS_HANDLER
  +--> ?PR?SMBUS_STOP?SMBUS_HANDLER

?PR?SMBUS_START?SMBUS_HANDLER                   -----    -----      -----    -----      -----    -----
  +--> ?PR?SMBUS_SERIALINTERRUPT?SMBUS_HANDLER

?PR?SMBUS_SERIALINTERRUPT?SMBUS_HANDLER         -----    -----      0028H    0001H      -----    -----
  +--> ?PR?TIME?MSCBUTIL

?PR?_SMBUS_WRITEBYTE?SMBUS_HANDLER              -----    -----      -----    -----      -----    -----
  +--> ?PR?SMBUS_SERIALINTERRUPT?SMBUS_HANDLER

BL51 BANKED LINKER/LOCATER V6.10                                                      02/19/2008  13:55:18  PAGE 5


?PR?SMBUS_READBYTE?SMBUS_HANDLER                -----    -----      -----    -----      -----    -----
  +--> ?PR?SMBUS_SERIALINTERRUPT?SMBUS_HANDLER

?C_INITSEG                                      -----    -----      -----    -----      -----    -----
  +--> ?CO?FEB64

*** NEW ROOT ***************************************************

?PR?SERIAL_INT?MSCBMAIN                         -----    -----      0038H    0002H      -----    -----
  +--> ?PR?_?CRC8?MSCBUTIL
  +--> ?PR?INTERPRETE?MSCBMAIN

?PR?_?CRC8?MSCBUTIL                             -----    -----      -----    -----      -----    -----
  +--> ?CO?MSCBUTIL

?PR?INTERPRETE?MSCBMAIN                         -----    -----      003AH    000FH      006EH    0004H
  +--> ?PR?_ADDR_NODE8?MSCBMAIN
  +--> ?PR?_ADDR_NODE16?MSCBMAIN
  +--> ?PR?_SEND_BYTE?MSCBMAIN
  +--> ?PR?UPTIME?MSCBUTIL
  +--> ?PR?_?CRC8?MSCBUTIL
  +--> ?PR?_?LED_BLINK?MSCBUTIL
  +--> ?PR?_UART_INIT?MSCBUTIL
  +--> ?PR?_SEND_OBUF?MSCBMAIN
  +--> ?PR?_USER_READ?FEB64
  +--> ?PR?_USER_FUNC?FEB64
  +--> ?PR?_?USER_WRITE?FEB64

?PR?_SEND_BYTE?MSCBMAIN                         -----    -----      0049H    0006H      -----    -----
  +--> ?PR?_CRC8_ADD?MSCBUTIL
  +--> ?PR?_?WATCHDOG_REFRESH?MSCBUTIL

?PR?_CRC8_ADD?MSCBUTIL                          -----    -----      -----    -----      -----    -----
  +--> ?CO?MSCBUTIL

?PR?_SEND_OBUF?MSCBMAIN                         -----    -----      0049H    0002H      -----    -----

?PR?_USER_READ?FEB64                            -----    -----      0049H    0001H      -----    -----

?PR?_USER_FUNC?FEB64                            -----    -----      0049H    0006H      -----    -----

*** NEW ROOT ***************************************************

?PR?TIMER0_INT?MSCBUTIL                         -----    -----      -----    -----      -----    -----
  +--> ?PR?_?LED_INT?MSCBUTIL
  +--> ?PR?_?WATCHDOG_INT?MSCBUTIL

?PR?_?LED_INT?MSCBUTIL                          -----    -----      -----    -----      -----    -----
  +--> ?PR?_?LED_SET?MSCBUTIL



SYMBOL TABLE OF MODULE:  feb64 (?C_STARTUP)

  VALUE           TYPE          NAME
  ----------------------------------

BL51 BANKED LINKER/LOCATER V6.10                                                      02/19/2008  13:55:18  PAGE 6


  -------         MODULE        ?C_STARTUP
  C:1A92H         SEGMENT       ?C_C51STARTUP
  I:0082H         SEGMENT       ?STACK
  C:0000H         PUBLIC        ?C_STARTUP
  D:00E0H         SYMBOL        ACC
  D:00F0H         SYMBOL        B
  D:0083H         SYMBOL        DPH
  D:0082H         SYMBOL        DPL
  N:0000H         SYMBOL        IBPSTACK
  N:0100H         SYMBOL        IBPSTACKTOP
  N:0080H         SYMBOL        IDATALEN
  C:1A95H         SYMBOL        IDATALOOP
  N:0000H         SYMBOL        PBPSTACK
  N:0100H         SYMBOL        PBPSTACKTOP
  N:0000H         SYMBOL        PDATALEN
  N:0000H         SYMBOL        PDATASTART
  N:0000H         SYMBOL        PPAGE
  N:0000H         SYMBOL        PPAGEENABLE
  D:00A0H         SYMBOL        PPAGE_SFR
  D:0081H         SYMBOL        SP
  C:1A92H         SYMBOL        STARTUP1
  N:0000H         SYMBOL        XBPSTACK
  N:0000H         SYMBOL        XBPSTACKTOP
  N:0000H         SYMBOL        XDATALEN
  N:0000H         SYMBOL        XDATASTART
  C:0000H         LINE#         126
  C:1A92H         LINE#         133
  C:1A94H         LINE#         134
  C:1A95H         LINE#         135
  C:1A96H         LINE#         136
  C:1A98H         LINE#         185
  C:1A9BH         LINE#         196
  -------         ENDMOD        ?C_STARTUP

  -------         MODULE        MSCBMAIN
  C:0000H         SYMBOL        _ICE_DUMMY_
  D:0080H         PUBLIC        P0
  B:0020H.3       PUBLIC        WD_RESET
  D:008FH         PUBLIC        PLL0FLT
  D:00FFH         PUBLIC        WDTCN
  D:00A0H         PUBLIC        P2
  B:0021H.0       PUBLIC        flash_param
  B:00A8H.7       PUBLIC        EA
  D:008FH         PUBLIC        PSCTL
  D:008EH         PUBLIC        PLL0MUL
  D:0084H         PUBLIC        SFRPAGE
  C:1DEFH         PUBLIC        _addr_node16
  I:0072H         PUBLIC        n_variables
  I:0073H         PUBLIC        final_i_in
  C:22FCH         PUBLIC        svn_rev_main
  C:1D1CH         PUBLIC        yield
  D:00E1H         PUBLIC        XBR0
  D:00E2H         PUBLIC        XBR1
  D:00E3H         PUBLIC        XBR2
  I:0074H         PUBLIC        i_in
  I:0075H         PUBLIC        i_out
  I:0076H         PUBLIC        addr_mode
BL51 BANKED LINKER/LOCATER V6.10                                                      02/19/2008  13:55:18  PAGE 7


  C:22F1H         PUBLIC        main
  I:0081H         PUBLIC        n_out
  B:0021H.1       PUBLIC        configured_addr
  D:0089H         PUBLIC        PLL0CN
  C:15B7H         PUBLIC        serial_int
  C:1039H         PUBLIC        setup
  B:0021H.2       PUBLIC        addressed
  I:0077H         PUBLIC        crc_code
  I:0078H         PUBLIC        last_i_in
  C:2284H         SYMBOL        _send_obuf
  D:0097H         PUBLIC        CLKSEL
  D:008AH         PUBLIC        OSCICN
  C:1C5CH         SYMBOL        _send_byte
  B:0020H.1       PUBLIC        SYNC_MODE
  B:00A0H.7       PUBLIC        led_0
  I:0079H         PUBLIC        _var_size
  B:00A8H.4       PUBLIC        ES0
  C:089BH         PUBLIC        interprete
  B:0020H.2       PUBLIC        FREEZE_MODE
  B:0098H.0       PUBLIC        RI0
  B:0021H.3       PUBLIC        configured_vars
  B:0098H.1       PUBLIC        TI0
  B:0080H.5       PUBLIC        RS485_ENABLE
  I:007AH         PUBLIC        _cur_sub_addr
  I:007BH         PUBLIC        cmd_len
  B:0021H.4       PUBLIC        wrong_cpu
  C:1F46H         PUBLIC        _addr_node8
  B:0021H.5       PUBLIC        flash_allowed
  D:0099H         PUBLIC        SBUF0
  D:00EFH         PUBLIC        RSTSRC
  D:0098H         PUBLIC        SCON1
  D:0020H         PUBLIC        CSR
  C:3000H         PUBLIC        upgrade
  B:0021H.6       PUBLIC        flash_program
  B:0020H.0       PUBLIC        DEBUG_MODE
  D:0008H         PUBLIC        sys_info
  C:231BH         PUBLIC        cur_sub_addr
  D:00B7H         PUBLIC        FLSCL
  X:0127H         PUBLIC        in_buf
  X:0167H         PUBLIC        out_buf
  B:0098H.2       PUBLIC        RB80
  I:0080H         PUBLIC        _flkey
  D:008DH         PUBLIC        PLL0DIV
  -------         PROC          SETUP
  -------         DO            
  D:0023H         SYMBOL        adr
  D:0024H         SYMBOL        flags
  D:0007H         SYMBOL        d
  D:0025H         SYMBOL        i
  D:0001H         SYMBOL        p
  -------         ENDDO         
  C:1039H         LINE#         116
  C:1039H         LINE#         117
  C:1039H         LINE#         122
  C:103DH         LINE#         125
  C:1040H         LINE#         131
  C:1043H         LINE#         133
BL51 BANKED LINKER/LOCATER V6.10                                                      02/19/2008  13:55:18  PAGE 8


  C:1046H         LINE#         134
  C:1049H         LINE#         135
  C:104CH         LINE#         155
  C:104EH         LINE#         156
  C:1051H         LINE#         158
  C:1054H         LINE#         159
  C:1057H         LINE#         160
  C:1059H         LINE#         162
  C:105CH         LINE#         163
  C:105FH         LINE#         164
  C:1062H         LINE#         165
  C:1065H         LINE#         166
  C:1077H         LINE#         167
  C:107AH         LINE#         168
  C:10A1H         LINE#         170
  C:10A4H         LINE#         225
  C:10A7H         LINE#         231
  C:10ACH         LINE#         232
  C:10C4H         LINE#         235
  C:10C7H         LINE#         236
  C:10C9H         LINE#         237
  C:10CBH         LINE#         238
  C:10CDH         LINE#         239
  C:10CFH         LINE#         240
  C:10D1H         LINE#         241
  C:10D4H         LINE#         247
  C:10D6H         LINE#         248
  C:10DDH         LINE#         249
  C:10E0H         LINE#         250
  C:10E4H         LINE#         251
  C:10FFH         LINE#         252
  C:1104H         LINE#         253
  C:111FH         LINE#         257
  C:1122H         LINE#         259
  C:1136H         LINE#         262
  C:113DH         LINE#         277
  C:1144H         LINE#         278
  C:115FH         LINE#         279
  C:1162H         LINE#         280
  C:1162H         LINE#         281
  C:1167H         LINE#         284
  C:116DH         LINE#         285
  C:1179H         LINE#         286
  C:117DH         LINE#         287
  C:1182H         LINE#         288
  C:1189H         LINE#         289
  C:118BH         LINE#         290
  C:1190H         LINE#         291
  C:1197H         LINE#         292
  C:1199H         LINE#         293
  C:119DH         LINE#         294
  C:119DH         LINE#         298
  C:11A0H         LINE#         300
  C:11A9H         LINE#         301
  C:11ADH         LINE#         303
  C:11B4H         LINE#         305
  C:11B9H         LINE#         306
BL51 BANKED LINKER/LOCATER V6.10                                                      02/19/2008  13:55:18  PAGE 9


  C:11BBH         LINE#         309
  C:11C1H         LINE#         310
  C:11C5H         LINE#         311
  C:11D4H         LINE#         312
  C:11ECH         LINE#         313
  C:11EEH         LINE#         314
  C:11F0H         LINE#         317
  C:1262H         LINE#         322
  C:126AH         LINE#         325
  C:1288H         LINE#         326
  C:12A2H         LINE#         328
  C:12ADH         LINE#         329
  C:12F9H         LINE#         330
  C:12FDH         LINE#         331
  C:1308H         LINE#         334
  C:130DH         LINE#         337
  C:130FH         LINE#         338
  C:1311H         LINE#         340
  C:1316H         LINE#         341
  C:1318H         LINE#         342
  C:1318H         LINE#         345
  C:131DH         LINE#         346
  C:1339H         LINE#         348
  -------         ENDPROC       SETUP
  -------         PROC          CUR_SUB_ADDR
  C:231BH         LINE#         352
  C:231BH         LINE#         353
  C:231BH         LINE#         354
  C:231FH         LINE#         355
  -------         ENDPROC       CUR_SUB_ADDR
  -------         PROC          SERIAL_INT
  -------         DO            
  D:0038H         SYMBOL        _i
  D:0039H         SYMBOL        _j
  D:0038H         SYMBOL        _i
  D:0039H         SYMBOL        _j
  -------         ENDDO         
  -------         DO            
  D:0038H         SYMBOL        _i
  D:0039H         SYMBOL        _j
  -------         ENDDO         
  -------         DO            
  D:0038H         SYMBOL        _i
  D:0039H         SYMBOL        _j
  -------         ENDDO         
  C:15B7H         LINE#         365
  C:15D4H         LINE#         367
  C:15D7H         LINE#         370
  C:15D9H         LINE#         372
  C:15DCH         LINE#         373
  C:15E4H         LINE#         374
  C:15E8H         LINE#         375
  C:15F5H         LINE#         376
  C:15F7H         LINE#         377
  C:15F9H         LINE#         378
  C:1606H         LINE#         379
  C:1615H         LINE#         380
BL51 BANKED LINKER/LOCATER V6.10                                                      02/19/2008  13:55:18  PAGE 10


  C:1615H         LINE#         381
  C:1615H         LINE#         383
  C:161BH         LINE#         386
  C:1621H         LINE#         387
  C:1623H         LINE#         388
  C:1626H         LINE#         390
  C:1626H         LINE#         392
  C:1628H         LINE#         393
  C:1638H         LINE#         394
  C:163AH         LINE#         396
  C:163FH         LINE#         398
  C:1646H         LINE#         399
  C:1649H         LINE#         401
  C:1649H         LINE#         404
  C:1651H         LINE#         405
  C:1651H         LINE#         407
  C:165BH         LINE#         409
  C:1662H         LINE#         410
  C:1662H         LINE#         412
  C:1669H         LINE#         413
  C:166DH         LINE#         415
  C:166DH         LINE#         417
  C:1674H         LINE#         420
  C:1697H         LINE#         421
  C:169BH         LINE#         423
  C:169BH         LINE#         425
  C:16A8H         LINE#         427
  C:16ABH         LINE#         428
  C:16AFH         LINE#         429
  C:16AFH         LINE#         430
  -------         ENDPROC       SERIAL_INT
  C:1C4BH         SYMBOL        L?0637
  C:1C52H         SYMBOL        L?0638
  C:1C55H         SYMBOL        L?0639
  C:1C56H         SYMBOL        L?0640
  -------         PROC          L?0636
  -------         ENDPROC       L?0636
  C:1C4BH         SYMBOL        L?0637
  C:1C52H         SYMBOL        L?0638
  C:1C55H         SYMBOL        L?0639
  C:1C56H         SYMBOL        L?0640
  -------         PROC          _SEND_BYTE
  D:0049H         SYMBOL        d
  D:004AH         SYMBOL        crc
  -------         DO            
  D:004DH         SYMBOL        _i
  D:004EH         SYMBOL        _j
  -------         ENDDO         
  C:1C5CH         LINE#         442
  C:1C64H         LINE#         443
  C:1C64H         LINE#         445
  C:1C67H         LINE#         448
  C:1C6CH         LINE#         449
  C:1C88H         LINE#         450
  C:1C95H         LINE#         451
  C:1C98H         LINE#         452
  C:1C9DH         LINE#         453
BL51 BANKED LINKER/LOCATER V6.10                                                      02/19/2008  13:55:18  PAGE 11


  C:1CA0H         LINE#         454
  C:1CA2H         LINE#         455
  -------         ENDPROC       _SEND_BYTE
  -------         PROC          _SEND_OBUF
  D:0007H         SYMBOL        n
  -------         DO            
  D:0049H         SYMBOL        _i
  D:004AH         SYMBOL        _j
  -------         ENDDO         
  C:2284H         LINE#         457
  C:2284H         LINE#         458
  C:2284H         LINE#         460
  C:2287H         LINE#         463
  C:228BH         LINE#         464
  C:228DH         LINE#         465
  C:229AH         LINE#         466
  C:22A0H         LINE#         467
  -------         ENDPROC       _SEND_OBUF
  -------         PROC          _ADDR_NODE8
  D:0001H         SYMBOL        mode
  D:0005H         SYMBOL        adr
  D:0003H         SYMBOL        node_addr
  C:1F46H         LINE#         469
  C:1F49H         LINE#         470
  C:1F49H         LINE#         471
  C:1F4EH         LINE#         472
  C:1F69H         LINE#         473
  C:1F69H         LINE#         475
  C:1F6BH         LINE#         476
  C:1F71H         LINE#         477
  C:1F75H         LINE#         478
  C:1F79H         LINE#         483
  C:1F7DH         LINE#         484
  C:1F7FH         LINE#         485
  C:1F82H         LINE#         486
  C:1F86H         LINE#         487
  C:1F87H         LINE#         488
  C:1F89H         LINE#         489
  C:1F8DH         LINE#         490
  C:1F8DH         LINE#         491
  C:1F8DH         LINE#         492
  -------         ENDPROC       _ADDR_NODE8
  -------         PROC          _ADDR_NODE16
  D:0001H         SYMBOL        mode
  D:0004H         SYMBOL        adr
  D:0002H         SYMBOL        node_addr
  C:1DEFH         LINE#         494
  C:1DF2H         LINE#         495
  C:1DF2H         LINE#         496
  C:1DF8H         LINE#         497
  C:1E00H         LINE#         498
  C:1E02H         LINE#         499
  C:1E05H         LINE#         500
  C:1E09H         LINE#         501
  C:1E0AH         LINE#         506
  C:1E0FH         LINE#         507
  C:1E25H         LINE#         508
BL51 BANKED LINKER/LOCATER V6.10                                                      02/19/2008  13:55:18  PAGE 12


  C:1E25H         LINE#         510
  C:1E27H         LINE#         511
  C:1E2DH         LINE#         512
  C:1E31H         LINE#         513
  C:1E32H         LINE#         514
  C:1E32H         LINE#         515
  C:1E32H         LINE#         516
  C:1E32H         LINE#         517
  C:1E37H         LINE#         518
  C:1E3FH         LINE#         519
  C:1E41H         LINE#         520
  C:1E44H         LINE#         521
  C:1E48H         LINE#         522
  C:1E49H         LINE#         523
  C:1E4BH         LINE#         524
  C:1E4FH         LINE#         525
  C:1E4FH         LINE#         526
  C:1E4FH         LINE#         527
  C:1E4FH         LINE#         528
  -------         ENDPROC       _ADDR_NODE16
  -------         PROC          INTERPRETE
  -------         DO            
  D:003AH         SYMBOL        crc
  D:003BH         SYMBOL        cmd
  D:003CH         SYMBOL        i
  D:003DH         SYMBOL        j
  D:003EH         SYMBOL        n
  D:003FH         SYMBOL        ch
  D:0040H         SYMBOL        a1
  D:0041H         SYMBOL        a2
  D:0042H         SYMBOL        size
  D:0044H         SYMBOL        pvar
  I:006EH         SYMBOL        u
  -------         DO            
  D:0047H         SYMBOL        _i
  D:0048H         SYMBOL        _j
  -------         ENDDO         
  -------         DO            
  D:0047H         SYMBOL        _i
  D:0048H         SYMBOL        _j
  -------         ENDDO         
  -------         DO            
  D:0047H         SYMBOL        _i
  D:0048H         SYMBOL        _j
  -------         ENDDO         
  -------         DO            
  D:0047H         SYMBOL        _i
  D:0048H         SYMBOL        _j
  -------         ENDDO         
  -------         ENDDO         
  C:089BH         LINE#         530
  C:089BH         LINE#         531
  C:089BH         LINE#         537
  C:08A4H         LINE#         540
  C:08A7H         LINE#         543
  C:08E8H         LINE#         544
  C:08E8H         LINE#         545
BL51 BANKED LINKER/LOCATER V6.10                                                      02/19/2008  13:55:18  PAGE 13


  C:08F2H         LINE#         546
  C:08F4H         LINE#         548
  C:08F4H         LINE#         549
  C:0902H         LINE#         550
  C:0904H         LINE#         552
  C:0904H         LINE#         553
  C:0906H         LINE#         554
  C:090AH         LINE#         555
  C:090DH         LINE#         557
  C:090DH         LINE#         558
  C:091AH         LINE#         559
  C:091DH         LINE#         561
  C:091DH         LINE#         562
  C:092EH         LINE#         563
  C:0931H         LINE#         565
  C:0931H         LINE#         566
  C:093EH         LINE#         567
  C:0944H         LINE#         568
  C:0944H         LINE#         569
  C:0944H         LINE#         570
  C:0944H         LINE#         571
  C:0946H         LINE#         573
  C:0946H         LINE#         574
  C:0957H         LINE#         575
  C:095DH         LINE#         576
  C:0963H         LINE#         577
  C:0965H         LINE#         578
  C:0965H         LINE#         579
  C:0968H         LINE#         581
  C:0968H         LINE#         583
  C:096BH         LINE#         586
  C:096EH         LINE#         587
  C:0971H         LINE#         589
  C:0971H         LINE#         592
  C:0973H         LINE#         593
  C:0976H         LINE#         594
  C:0978H         LINE#         596
  C:0982H         LINE#         600
  C:098DH         LINE#         602
  C:0998H         LINE#         604
  C:099EH         LINE#         606
  C:09A9H         LINE#         607
  C:09B4H         LINE#         609
  C:09BFH         LINE#         610
  C:09CAH         LINE#         612
  C:09D5H         LINE#         613
  C:09E0H         LINE#         615
  C:09E3H         LINE#         616
  C:09F5H         LINE#         623
  C:0A00H         LINE#         625
  C:0A0DH         LINE#         626
  C:0A0DH         LINE#         627
  C:0A0DH         LINE#         628
  C:0A10H         LINE#         630
  C:0A10H         LINE#         633
  C:0A1EH         LINE#         634
  C:0A31H         LINE#         636
BL51 BANKED LINKER/LOCATER V6.10                                                      02/19/2008  13:55:18  PAGE 14


  C:0A33H         LINE#         637
  C:0A36H         LINE#         638
  C:0A38H         LINE#         640
  C:0A42H         LINE#         641
  C:0A4DH         LINE#         642
  C:0A59H         LINE#         643
  C:0A65H         LINE#         644
  C:0A71H         LINE#         645
  C:0A7DH         LINE#         646
  C:0A89H         LINE#         648
  C:0A8CH         LINE#         649
  C:0AAFH         LINE#         651
  C:0ABAH         LINE#         653
  C:0AC7H         LINE#         654
  C:0AC9H         LINE#         655
  C:0ACBH         LINE#         656
  C:0ACEH         LINE#         658
  C:0AD4H         LINE#         659
  C:0AD7H         LINE#         660
  C:0AD9H         LINE#         661
  C:0AD9H         LINE#         663
  C:0ADCH         LINE#         665
  C:0ADCH         LINE#         668
  C:0AE4H         LINE#         670
  C:0AEAH         LINE#         671
  C:0AEFH         LINE#         672
  C:0AF3H         LINE#         673
  C:0AF7H         LINE#         674
  C:0AFBH         LINE#         675
  C:0B0DH         LINE#         676
  C:0B0FH         LINE#         677
  C:0B12H         LINE#         679
  C:0B12H         LINE#         681
  C:0B1AH         LINE#         683
  C:0B25H         LINE#         684
  C:0B29H         LINE#         686
  C:0B32H         LINE#         687
  C:0B39H         LINE#         689
  C:0B41H         LINE#         692
  C:0B41H         LINE#         693
  C:0B41H         LINE#         695
  C:0B44H         LINE#         697
  C:0B44H         LINE#         699
  C:0B52H         LINE#         700
  C:0B6EH         LINE#         701
  C:0B71H         LINE#         704
  C:0B71H         LINE#         705
  C:0B71H         LINE#         707
  C:0B73H         LINE#         709
  C:0B73H         LINE#         710
  C:0B80H         LINE#         711
  C:0B8AH         LINE#         712
  C:0B8DH         LINE#         714
  C:0B8DH         LINE#         715
  C:0B95H         LINE#         716
  C:0B98H         LINE#         718
  C:0B98H         LINE#         719
BL51 BANKED LINKER/LOCATER V6.10                                                      02/19/2008  13:55:18  PAGE 15


  C:0BA0H         LINE#         720
  C:0BA2H         LINE#         722
  C:0BA2H         LINE#         729
  C:0BA2H         LINE#         731
  C:0BA2H         LINE#         732
  C:0BA7H         LINE#         733
  C:0BACH         LINE#         734
  C:0BAFH         LINE#         735
  C:0BB4H         LINE#         737
  C:0BB7H         LINE#         739
  C:0BBDH         LINE#         740
  C:0BC1H         LINE#         741
  C:0BD3H         LINE#         742
  C:0BD8H         LINE#         744
  C:0BDEH         LINE#         745
  C:0BE0H         LINE#         746
  C:0BE0H         LINE#         747
  C:0BE0H         LINE#         748
  C:0BE2H         LINE#         750
  C:0BE2H         LINE#         751
  C:0BE4H         LINE#         752
  C:0BE8H         LINE#         753
  C:0BEAH         LINE#         755
  C:0BEAH         LINE#         756
  C:0BF5H         LINE#         757
  C:0BFBH         LINE#         758
  C:0C03H         LINE#         759
  C:0C15H         LINE#         760
  C:0C1AH         LINE#         761
  C:0C1AH         LINE#         763
  C:0C1AH         LINE#         765
  C:0C23H         LINE#         766
  C:0C2EH         LINE#         767
  C:0C39H         LINE#         768
  C:0C4FH         LINE#         770
  C:0C63H         LINE#         771
  C:0C6CH         LINE#         772
  C:0C72H         LINE#         773
  C:0C76H         LINE#         775
  C:0C92H         LINE#         778
  C:0C97H         LINE#         780
  C:0C9AH         LINE#         782
  C:0CA2H         LINE#         784
  C:0CA4H         LINE#         785
  C:0CA7H         LINE#         786
  C:0CA9H         LINE#         788
  C:0CB0H         LINE#         790
  C:0CBBH         LINE#         791
  C:0CC6H         LINE#         793
  C:0CD0H         LINE#         794
  C:0CD7H         LINE#         795
  C:0CD9H         LINE#         796
  C:0CDBH         LINE#         798
  C:0CE2H         LINE#         800
  C:0CECH         LINE#         801
  C:0CF3H         LINE#         802
  C:0CF3H         LINE#         804
BL51 BANKED LINKER/LOCATER V6.10                                                      02/19/2008  13:55:18  PAGE 16


  C:0CFEH         LINE#         806
  C:0D0BH         LINE#         807
  C:0D0BH         LINE#         808
  C:0D0BH         LINE#         809
  C:0D0BH         LINE#         810
  C:0D0EH         LINE#         812
  C:0D14H         LINE#         813
  C:0D16H         LINE#         814
  C:0D16H         LINE#         816
  C:0D24H         LINE#         818
  C:0D43H         LINE#         820
  C:0D59H         LINE#         821
  C:0D5EH         LINE#         822
  C:0D7BH         LINE#         823
  C:0D7FH         LINE#         825
  C:0D81H         LINE#         826
  C:0D84H         LINE#         827
  C:0D86H         LINE#         829
  C:0D90H         LINE#         830
  C:0D9BH         LINE#         831
  C:0D9DH         LINE#         832
  C:0D9DH         LINE#         833
  C:0DA4H         LINE#         834
  C:0DA9H         LINE#         835
  C:0DA9H         LINE#         838
  C:0DBAH         LINE#         839
  C:0DD8H         LINE#         840
  C:0DFCH         LINE#         841
  C:0E00H         LINE#         843
  C:0E0BH         LINE#         845
  C:0E18H         LINE#         846
  C:0E1AH         LINE#         847
  C:0E1CH         LINE#         848
  C:0E1EH         LINE#         850
  C:0E24H         LINE#         851
  C:0E29H         LINE#         852
  C:0E29H         LINE#         853
  C:0E29H         LINE#         854
  C:0E29H         LINE#         856
  C:0E2FH         LINE#         857
  C:0E3BH         LINE#         858
  C:0E4FH         LINE#         859
  C:0E57H         LINE#         860
  C:0E74H         LINE#         861
  C:0E7CH         LINE#         862
  C:0E7CH         LINE#         864
  C:0E8BH         LINE#         867
  C:0E91H         LINE#         868
  C:0EA0H         LINE#         870
  C:0EABH         LINE#         871
  C:0EBAH         LINE#         873
  C:0EC2H         LINE#         875
  C:0EC5H         LINE#         876
  C:0EC8H         LINE#         877
  C:0ECCH         LINE#         878
  C:0ECDH         LINE#         879
  C:0ECFH         LINE#         880
BL51 BANKED LINKER/LOCATER V6.10                                                      02/19/2008  13:55:18  PAGE 17


  C:0ED2H         LINE#         881
  C:0ED8H         LINE#         882
  C:0ED8H         LINE#         884
  C:0EDAH         LINE#         886
  C:0EE5H         LINE#         889
  C:0F00H         LINE#         890
  C:0F02H         LINE#         892
  C:0F08H         LINE#         893
  C:0F11H         LINE#         894
  C:0F11H         LINE#         895
  C:0F14H         LINE#         896
  C:0F1AH         LINE#         897
  C:0F1AH         LINE#         899
  C:0F29H         LINE#         900
  C:0F36H         LINE#         901
  C:0F52H         LINE#         902
  C:0F5CH         LINE#         903
  C:0F63H         LINE#         905
  C:0F74H         LINE#         909
  C:0F9BH         LINE#         911
  C:0F9DH         LINE#         913
  C:0FF0H         LINE#         915
  C:0FF5H         LINE#         917
  C:0FFAH         LINE#         918
  C:1000H         LINE#         919
  C:1004H         LINE#         927
  C:100AH         LINE#         928
  C:100AH         LINE#         929
  C:100AH         LINE#         930
  C:100AH         LINE#         931
  C:100AH         LINE#         932
  C:1011H         LINE#         933
  C:1017H         LINE#         935
  C:101CH         LINE#         936
  C:1022H         LINE#         937
  C:1033H         LINE#         938
  C:1038H         LINE#         939
  C:1038H         LINE#         940
  C:1038H         LINE#         941
  C:1038H         LINE#         942
  -------         ENDPROC       INTERPRETE
  -------         PROC          UPGRADE
  -------         DO            
  D:0023H         SYMBOL        cmd
  D:0024H         SYMBOL        page
  D:0025H         SYMBOL        crc
  D:0026H         SYMBOL        j
  D:0027H         SYMBOL        k
  D:0028H         SYMBOL        i
  D:002AH         SYMBOL        pw
  D:002CH         SYMBOL        pr
  C:3046H         SYMBOL        receive_cmd
  C:32A4H         SYMBOL        erase_ok
  -------         DO            
  D:002EH         SYMBOL        _i
  D:002FH         SYMBOL        _j
  -------         ENDDO         
BL51 BANKED LINKER/LOCATER V6.10                                                      02/19/2008  13:55:18  PAGE 18


  -------         DO            
  D:002EH         SYMBOL        _i
  D:002FH         SYMBOL        _j
  D:002EH         SYMBOL        _i
  D:002FH         SYMBOL        _j
  D:002EH         SYMBOL        _i
  D:002FH         SYMBOL        _j
  D:002EH         SYMBOL        _i
  D:002FH         SYMBOL        _j
  D:002EH         SYMBOL        _i
  D:002FH         SYMBOL        _j
  D:002EH         SYMBOL        _i
  D:002FH         SYMBOL        _j
  D:002EH         SYMBOL        _i
  D:002FH         SYMBOL        _j
  D:002EH         SYMBOL        _i
  D:002FH         SYMBOL        _j
  D:002EH         SYMBOL        _i
  D:002FH         SYMBOL        _j
  D:002EH         SYMBOL        _i
  D:002FH         SYMBOL        _j
  D:002EH         SYMBOL        _i
  D:002FH         SYMBOL        _j
  D:002EH         SYMBOL        _i
  D:002FH         SYMBOL        _j
  D:002EH         SYMBOL        _i
  D:002FH         SYMBOL        _j
  D:002EH         SYMBOL        _i
  D:002FH         SYMBOL        _j
  D:002EH         SYMBOL        _i
  D:002FH         SYMBOL        _j
  D:002EH         SYMBOL        _i
  D:002FH         SYMBOL        _j
  D:002EH         SYMBOL        _i
  D:002FH         SYMBOL        _j
  D:002EH         SYMBOL        _i
  D:002FH         SYMBOL        _j
  D:002EH         SYMBOL        _i
  D:002FH         SYMBOL        _j
  D:002EH         SYMBOL        _i
  D:002FH         SYMBOL        _j
  -------         ENDDO         
  -------         DO            
  D:002EH         SYMBOL        _i
  D:002FH         SYMBOL        _j
  D:002EH         SYMBOL        _i
  D:002FH         SYMBOL        _j
  D:002EH         SYMBOL        _i
  D:002FH         SYMBOL        _j
  D:002EH         SYMBOL        _i
  D:002FH         SYMBOL        _j
  D:002EH         SYMBOL        _i
  D:002FH         SYMBOL        _j
  D:002EH         SYMBOL        _i
  D:002FH         SYMBOL        _j
  D:002EH         SYMBOL        _i
  D:002FH         SYMBOL        _j
BL51 BANKED LINKER/LOCATER V6.10                                                      02/19/2008  13:55:18  PAGE 19


  D:002EH         SYMBOL        _i
  D:002FH         SYMBOL        _j
  D:002EH         SYMBOL        _i
  D:002FH         SYMBOL        _j
  D:002EH         SYMBOL        _i
  D:002FH         SYMBOL        _j
  D:002EH         SYMBOL        _i
  D:002FH         SYMBOL        _j
  D:002EH         SYMBOL        _i
  D:002FH         SYMBOL        _j
  D:002EH         SYMBOL        _i
  D:002FH         SYMBOL        _j
  D:002EH         SYMBOL        _i
  D:002FH         SYMBOL        _j
  D:002EH         SYMBOL        _i
  D:002FH         SYMBOL        _j
  D:002EH         SYMBOL        _i
  D:002FH         SYMBOL        _j
  D:002EH         SYMBOL        _i
  D:002FH         SYMBOL        _j
  D:002EH         SYMBOL        _i
  D:002FH         SYMBOL        _j
  D:002EH         SYMBOL        _i
  D:002FH         SYMBOL        _j
  -------         ENDDO         
  -------         DO            
  D:002EH         SYMBOL        _i
  D:002FH         SYMBOL        _j
  D:002EH         SYMBOL        _i
  D:002FH         SYMBOL        _j
  D:002EH         SYMBOL        _i
  D:002FH         SYMBOL        _j
  D:002EH         SYMBOL        _i
  D:002FH         SYMBOL        _j
  D:002EH         SYMBOL        _i
  D:002FH         SYMBOL        _j
  D:002EH         SYMBOL        _i
  D:002FH         SYMBOL        _j
  D:002EH         SYMBOL        _i
  D:002FH         SYMBOL        _j
  D:002EH         SYMBOL        _i
  D:002FH         SYMBOL        _j
  D:002EH         SYMBOL        _i
  D:002FH         SYMBOL        _j
  D:002EH         SYMBOL        _i
  D:002FH         SYMBOL        _j
  D:002EH         SYMBOL        _i
  D:002FH         SYMBOL        _j
  D:002EH         SYMBOL        _i
  D:002FH         SYMBOL        _j
  D:002EH         SYMBOL        _i
  D:002FH         SYMBOL        _j
  D:002EH         SYMBOL        _i
  D:002FH         SYMBOL        _j
  D:002EH         SYMBOL        _i
  D:002FH         SYMBOL        _j
  D:002EH         SYMBOL        _i
BL51 BANKED LINKER/LOCATER V6.10                                                      02/19/2008  13:55:18  PAGE 20


  D:002FH         SYMBOL        _j
  D:002EH         SYMBOL        _i
  D:002FH         SYMBOL        _j
  D:002EH         SYMBOL        _i
  D:002FH         SYMBOL        _j
  -------         ENDDO         
  -------         DO            
  D:002EH         SYMBOL        _i
  D:002FH         SYMBOL        _j
  D:002EH         SYMBOL        _i
  D:002FH         SYMBOL        _j
  D:002EH         SYMBOL        _i
  D:002FH         SYMBOL        _j
  D:002EH         SYMBOL        _i
  D:002FH         SYMBOL        _j
  D:002EH         SYMBOL        _i
  D:002FH         SYMBOL        _j
  D:002EH         SYMBOL        _i
  D:002FH         SYMBOL        _j
  D:002EH         SYMBOL        _i
  D:002FH         SYMBOL        _j
  D:002EH         SYMBOL        _i
  D:002FH         SYMBOL        _j
  D:002EH         SYMBOL        _i
  D:002FH         SYMBOL        _j
  D:002EH         SYMBOL        _i
  D:002FH         SYMBOL        _j
  D:002EH         SYMBOL        _i
  D:002FH         SYMBOL        _j
  D:002EH         SYMBOL        _i
  D:002FH         SYMBOL        _j
  D:002EH         SYMBOL        _i
  D:002FH         SYMBOL        _j
  D:002EH         SYMBOL        _i
  D:002FH         SYMBOL        _j
  D:002EH         SYMBOL        _i
  D:002FH         SYMBOL        _j
  D:002EH         SYMBOL        _i
  D:002FH         SYMBOL        _j
  D:002EH         SYMBOL        _i
  D:002FH         SYMBOL        _j
  -------         ENDDO         
  -------         DO            
  D:002EH         SYMBOL        _i
  D:002FH         SYMBOL        _j
  D:002EH         SYMBOL        _i
  D:002FH         SYMBOL        _j
  D:002EH         SYMBOL        _i
  D:002FH         SYMBOL        _j
  D:002EH         SYMBOL        _i
  D:002FH         SYMBOL        _j
  D:002EH         SYMBOL        _i
  D:002FH         SYMBOL        _j
  D:002EH         SYMBOL        _i
  D:002FH         SYMBOL        _j
  D:002EH         SYMBOL        _i
  D:002FH         SYMBOL        _j
BL51 BANKED LINKER/LOCATER V6.10                                                      02/19/2008  13:55:18  PAGE 21


  D:002EH         SYMBOL        _i
  D:002FH         SYMBOL        _j
  D:002EH         SYMBOL        _i
  D:002FH         SYMBOL        _j
  D:002EH         SYMBOL        _i
  D:002FH         SYMBOL        _j
  D:002EH         SYMBOL        _i
  D:002FH         SYMBOL        _j
  D:002EH         SYMBOL        _i
  D:002FH         SYMBOL        _j
  D:002EH         SYMBOL        _i
  D:002FH         SYMBOL        _j
  D:002EH         SYMBOL        _i
  D:002FH         SYMBOL        _j
  D:002EH         SYMBOL        _i
  D:002FH         SYMBOL        _j
  D:002EH         SYMBOL        _i
  D:002FH         SYMBOL        _j
  -------         ENDDO         
  -------         DO            
  D:002EH         SYMBOL        _i
  D:002FH         SYMBOL        _j
  D:002EH         SYMBOL        _i
  D:002FH         SYMBOL        _j
  D:002EH         SYMBOL        _i
  D:002FH         SYMBOL        _j
  D:002EH         SYMBOL        _i
  D:002FH         SYMBOL        _j
  D:002EH         SYMBOL        _i
  D:002FH         SYMBOL        _j
  D:002EH         SYMBOL        _i
  D:002FH         SYMBOL        _j
  D:002EH         SYMBOL        _i
  D:002FH         SYMBOL        _j
  D:002EH         SYMBOL        _i
  D:002FH         SYMBOL        _j
  D:002EH         SYMBOL        _i
  D:002FH         SYMBOL        _j
  D:002EH         SYMBOL        _i
  D:002FH         SYMBOL        _j
  D:002EH         SYMBOL        _i
  D:002FH         SYMBOL        _j
  D:002EH         SYMBOL        _i
  D:002FH         SYMBOL        _j
  D:002EH         SYMBOL        _i
  D:002FH         SYMBOL        _j
  D:002EH         SYMBOL        _i
  D:002FH         SYMBOL        _j
  D:002EH         SYMBOL        _i
  D:002FH         SYMBOL        _j
  -------         ENDDO         
  -------         DO            
  D:002EH         SYMBOL        _i
  D:002FH         SYMBOL        _j
  D:002EH         SYMBOL        _i
  D:002FH         SYMBOL        _j
  D:002EH         SYMBOL        _i
BL51 BANKED LINKER/LOCATER V6.10                                                      02/19/2008  13:55:18  PAGE 22


  D:002FH         SYMBOL        _j
  D:002EH         SYMBOL        _i
  D:002FH         SYMBOL        _j
  D:002EH         SYMBOL        _i
  D:002FH         SYMBOL        _j
  D:002EH         SYMBOL        _i
  D:002FH         SYMBOL        _j
  D:002EH         SYMBOL        _i
  D:002FH         SYMBOL        _j
  D:002EH         SYMBOL        _i
  D:002FH         SYMBOL        _j
  D:002EH         SYMBOL        _i
  D:002FH         SYMBOL        _j
  D:002EH         SYMBOL        _i
  D:002FH         SYMBOL        _j
  D:002EH         SYMBOL        _i
  D:002FH         SYMBOL        _j
  D:002EH         SYMBOL        _i
  D:002FH         SYMBOL        _j
  D:002EH         SYMBOL        _i
  D:002FH         SYMBOL        _j
  D:002EH         SYMBOL        _i
  D:002FH         SYMBOL        _j
  -------         ENDDO         
  -------         DO            
  D:002EH         SYMBOL        _i
  D:002FH         SYMBOL        _j
  D:002EH         SYMBOL        _i
  D:002FH         SYMBOL        _j
  D:002EH         SYMBOL        _i
  D:002FH         SYMBOL        _j
  D:002EH         SYMBOL        _i
  D:002FH         SYMBOL        _j
  D:002EH         SYMBOL        _i
  D:002FH         SYMBOL        _j
  D:002EH         SYMBOL        _i
  D:002FH         SYMBOL        _j
  D:002EH         SYMBOL        _i
  D:002FH         SYMBOL        _j
  D:002EH         SYMBOL        _i
  D:002FH         SYMBOL        _j
  D:002EH         SYMBOL        _i
  D:002FH         SYMBOL        _j
  D:002EH         SYMBOL        _i
  D:002FH         SYMBOL        _j
  D:002EH         SYMBOL        _i
  D:002FH         SYMBOL        _j
  D:002EH         SYMBOL        _i
  D:002FH         SYMBOL        _j
  D:002EH         SYMBOL        _i
  D:002FH         SYMBOL        _j
  -------         ENDDO         
  -------         DO            
  D:002EH         SYMBOL        _i
  D:002FH         SYMBOL        _j
  D:002EH         SYMBOL        _i
  D:002FH         SYMBOL        _j
BL51 BANKED LINKER/LOCATER V6.10                                                      02/19/2008  13:55:18  PAGE 23


  D:002EH         SYMBOL        _i
  D:002FH         SYMBOL        _j
  D:002EH         SYMBOL        _i
  D:002FH         SYMBOL        _j
  D:002EH         SYMBOL        _i
  D:002FH         SYMBOL        _j
  D:002EH         SYMBOL        _i
  D:002FH         SYMBOL        _j
  D:002EH         SYMBOL        _i
  D:002FH         SYMBOL        _j
  D:002EH         SYMBOL        _i
  D:002FH         SYMBOL        _j
  D:002EH         SYMBOL        _i
  D:002FH         SYMBOL        _j
  D:002EH         SYMBOL        _i
  D:002FH         SYMBOL        _j
  D:002EH         SYMBOL        _i
  D:002FH         SYMBOL        _j
  D:002EH         SYMBOL        _i
  D:002FH         SYMBOL        _j
  -------         ENDDO         
  -------         DO            
  D:002EH         SYMBOL        _i
  D:002FH         SYMBOL        _j
  D:002EH         SYMBOL        _i
  D:002FH         SYMBOL        _j
  D:002EH         SYMBOL        _i
  D:002FH         SYMBOL        _j
  D:002EH         SYMBOL        _i
  D:002FH         SYMBOL        _j
  D:002EH         SYMBOL        _i
  D:002FH         SYMBOL        _j
  D:002EH         SYMBOL        _i
  D:002FH         SYMBOL        _j
  D:002EH         SYMBOL        _i
  D:002FH         SYMBOL        _j
  D:002EH         SYMBOL        _i
  D:002FH         SYMBOL        _j
  D:002EH         SYMBOL        _i
  D:002FH         SYMBOL        _j
  D:002EH         SYMBOL        _i
  D:002FH         SYMBOL        _j
  D:002EH         SYMBOL        _i
  D:002FH         SYMBOL        _j
  -------         ENDDO         
  -------         DO            
  D:002EH         SYMBOL        _i
  D:002FH         SYMBOL        _j
  D:002EH         SYMBOL        _i
  D:002FH         SYMBOL        _j
  D:002EH         SYMBOL        _i
  D:002FH         SYMBOL        _j
  D:002EH         SYMBOL        _i
  D:002FH         SYMBOL        _j
  D:002EH         SYMBOL        _i
  D:002FH         SYMBOL        _j
  D:002EH         SYMBOL        _i
BL51 BANKED LINKER/LOCATER V6.10                                                      02/19/2008  13:55:18  PAGE 24


  D:002FH         SYMBOL        _j
  D:002EH         SYMBOL        _i
  D:002FH         SYMBOL        _j
  D:002EH         SYMBOL        _i
  D:002FH         SYMBOL        _j
  D:002EH         SYMBOL        _i
  D:002FH         SYMBOL        _j
  D:002EH         SYMBOL        _i
  D:002FH         SYMBOL        _j
  -------         ENDDO         
  -------         DO            
  D:002EH         SYMBOL        _i
  D:002FH         SYMBOL        _j
  D:002EH         SYMBOL        _i
  D:002FH         SYMBOL        _j
  D:002EH         SYMBOL        _i
  D:002FH         SYMBOL        _j
  D:002EH         SYMBOL        _i
  D:002FH         SYMBOL        _j
  D:002EH         SYMBOL        _i
  D:002FH         SYMBOL        _j
  D:002EH         SYMBOL        _i
  D:002FH         SYMBOL        _j
  D:002EH         SYMBOL        _i
  D:002FH         SYMBOL        _j
  D:002EH         SYMBOL        _i
  D:002FH         SYMBOL        _j
  D:002EH         SYMBOL        _i
  D:002FH         SYMBOL        _j
  -------         ENDDO         
  -------         DO            
  D:002EH         SYMBOL        _i
  D:002FH         SYMBOL        _j
  D:002EH         SYMBOL        _i
  D:002FH         SYMBOL        _j
  D:002EH         SYMBOL        _i
  D:002FH         SYMBOL        _j
  D:002EH         SYMBOL        _i
  D:002FH         SYMBOL        _j
  D:002EH         SYMBOL        _i
  D:002FH         SYMBOL        _j
  D:002EH         SYMBOL        _i
  D:002FH         SYMBOL        _j
  D:002EH         SYMBOL        _i
  D:002FH         SYMBOL        _j
  D:002EH         SYMBOL        _i
  D:002FH         SYMBOL        _j
  -------         ENDDO         
  -------         DO            
  D:002EH         SYMBOL        _i
  D:002FH         SYMBOL        _j
  D:002EH         SYMBOL        _i
  D:002FH         SYMBOL        _j
  D:002EH         SYMBOL        _i
  D:002FH         SYMBOL        _j
  D:002EH         SYMBOL        _i
  D:002FH         SYMBOL        _j
BL51 BANKED LINKER/LOCATER V6.10                                                      02/19/2008  13:55:18  PAGE 25


  D:002EH         SYMBOL        _i
  D:002FH         SYMBOL        _j
  D:002EH         SYMBOL        _i
  D:002FH         SYMBOL        _j
  D:002EH         SYMBOL        _i
  D:002FH         SYMBOL        _j
  -------         ENDDO         
  -------         DO            
  D:002EH         SYMBOL        _i
  D:002FH         SYMBOL        _j
  D:002EH         SYMBOL        _i
  D:002FH         SYMBOL        _j
  D:002EH         SYMBOL        _i
  D:002FH         SYMBOL        _j
  D:002EH         SYMBOL        _i
  D:002FH         SYMBOL        _j
  D:002EH         SYMBOL        _i
  D:002FH         SYMBOL        _j
  D:002EH         SYMBOL        _i
  D:002FH         SYMBOL        _j
  -------         ENDDO         
  -------         DO            
  D:002EH         SYMBOL        _i
  D:002FH         SYMBOL        _j
  D:002EH         SYMBOL        _i
  D:002FH         SYMBOL        _j
  D:002EH         SYMBOL        _i
  D:002FH         SYMBOL        _j
  D:002EH         SYMBOL        _i
  D:002FH         SYMBOL        _j
  D:002EH         SYMBOL        _i
  D:002FH         SYMBOL        _j
  -------         ENDDO         
  -------         DO            
  D:002EH         SYMBOL        _i
  D:002FH         SYMBOL        _j
  D:002EH         SYMBOL        _i
  D:002FH         SYMBOL        _j
  D:002EH         SYMBOL        _i
  D:002FH         SYMBOL        _j
  D:002EH         SYMBOL        _i
  D:002FH         SYMBOL        _j
  -------         ENDDO         
  -------         DO            
  D:002EH         SYMBOL        _i
  D:002FH         SYMBOL        _j
  D:002EH         SYMBOL        _i
  D:002FH         SYMBOL        _j
  D:002EH         SYMBOL        _i
  D:002FH         SYMBOL        _j
  -------         ENDDO         
  -------         DO            
  D:002EH         SYMBOL        _i
  D:002FH         SYMBOL        _j
  D:002EH         SYMBOL        _i
  D:002FH         SYMBOL        _j
  -------         ENDDO         
BL51 BANKED LINKER/LOCATER V6.10                                                      02/19/2008  13:55:18  PAGE 26


  -------         DO            
  D:002EH         SYMBOL        _i
  D:002FH         SYMBOL        _j
  -------         ENDDO         
  -------         DO            
  D:002EH         SYMBOL        _i
  D:002FH         SYMBOL        _j
  -------         ENDDO         
  -------         DO            
  D:002EH         SYMBOL        _i
  D:002FH         SYMBOL        _j
  D:002EH         SYMBOL        _i
  D:002FH         SYMBOL        _j
  D:002EH         SYMBOL        _i
  D:002FH         SYMBOL        _j
  D:002EH         SYMBOL        _i
  D:002FH         SYMBOL        _j
  D:002EH         SYMBOL        _i
  D:002FH         SYMBOL        _j
  D:002EH         SYMBOL        _i
  D:002FH         SYMBOL        _j
  D:002EH         SYMBOL        _i
  D:002FH         SYMBOL        _j
  D:002EH         SYMBOL        _i
  D:002FH         SYMBOL        _j
  D:002EH         SYMBOL        _i
  D:002FH         SYMBOL        _j
  D:002EH         SYMBOL        _i
  D:002FH         SYMBOL        _j
  D:002EH         SYMBOL        _i
  D:002FH         SYMBOL        _j
  -------         ENDDO         
  -------         DO            
  D:002EH         SYMBOL        _i
  D:002FH         SYMBOL        _j
  D:002EH         SYMBOL        _i
  D:002FH         SYMBOL        _j
  D:002EH         SYMBOL        _i
  D:002FH         SYMBOL        _j
  D:002EH         SYMBOL        _i
  D:002FH         SYMBOL        _j
  D:002EH         SYMBOL        _i
  D:002FH         SYMBOL        _j
  D:002EH         SYMBOL        _i
  D:002FH         SYMBOL        _j
  D:002EH         SYMBOL        _i
  D:002FH         SYMBOL        _j
  D:002EH         SYMBOL        _i
  D:002FH         SYMBOL        _j
  D:002EH         SYMBOL        _i
  D:002FH         SYMBOL        _j
  D:002EH         SYMBOL        _i
  D:002FH         SYMBOL        _j
  -------         ENDDO         
  -------         DO            
  D:002EH         SYMBOL        _i
  D:002FH         SYMBOL        _j
BL51 BANKED LINKER/LOCATER V6.10                                                      02/19/2008  13:55:18  PAGE 27


  D:002EH         SYMBOL        _i
  D:002FH         SYMBOL        _j
  D:002EH         SYMBOL        _i
  D:002FH         SYMBOL        _j
  D:002EH         SYMBOL        _i
  D:002FH         SYMBOL        _j
  D:002EH         SYMBOL        _i
  D:002FH         SYMBOL        _j
  D:002EH         SYMBOL        _i
  D:002FH         SYMBOL        _j
  D:002EH         SYMBOL        _i
  D:002FH         SYMBOL        _j
  D:002EH         SYMBOL        _i
  D:002FH         SYMBOL        _j
  D:002EH         SYMBOL        _i
  D:002FH         SYMBOL        _j
  -------         ENDDO         
  -------         DO            
  D:002EH         SYMBOL        _i
  D:002FH         SYMBOL        _j
  D:002EH         SYMBOL        _i
  D:002FH         SYMBOL        _j
  D:002EH         SYMBOL        _i
  D:002FH         SYMBOL        _j
  D:002EH         SYMBOL        _i
  D:002FH         SYMBOL        _j
  D:002EH         SYMBOL        _i
  D:002FH         SYMBOL        _j
  D:002EH         SYMBOL        _i
  D:002FH         SYMBOL        _j
  D:002EH         SYMBOL        _i
  D:002FH         SYMBOL        _j
  D:002EH         SYMBOL        _i
  D:002FH         SYMBOL        _j
  -------         ENDDO         
  -------         DO            
  D:002EH         SYMBOL        _i
  D:002FH         SYMBOL        _j
  D:002EH         SYMBOL        _i
  D:002FH         SYMBOL        _j
  D:002EH         SYMBOL        _i
  D:002FH         SYMBOL        _j
  D:002EH         SYMBOL        _i
  D:002FH         SYMBOL        _j
  D:002EH         SYMBOL        _i
  D:002FH         SYMBOL        _j
  D:002EH         SYMBOL        _i
  D:002FH         SYMBOL        _j
  D:002EH         SYMBOL        _i
  D:002FH         SYMBOL        _j
  -------         ENDDO         
  -------         DO            
  D:002EH         SYMBOL        _i
  D:002FH         SYMBOL        _j
  D:002EH         SYMBOL        _i
  D:002FH         SYMBOL        _j
  D:002EH         SYMBOL        _i
BL51 BANKED LINKER/LOCATER V6.10                                                      02/19/2008  13:55:18  PAGE 28


  D:002FH         SYMBOL        _j
  D:002EH         SYMBOL        _i
  D:002FH         SYMBOL        _j
  D:002EH         SYMBOL        _i
  D:002FH         SYMBOL        _j
  D:002EH         SYMBOL        _i
  D:002FH         SYMBOL        _j
  -------         ENDDO         
  -------         DO            
  D:002EH         SYMBOL        _i
  D:002FH         SYMBOL        _j
  D:002EH         SYMBOL        _i
  D:002FH         SYMBOL        _j
  D:002EH         SYMBOL        _i
  D:002FH         SYMBOL        _j
  D:002EH         SYMBOL        _i
  D:002FH         SYMBOL        _j
  D:002EH         SYMBOL        _i
  D:002FH         SYMBOL        _j
  -------         ENDDO         
  -------         DO            
  D:002EH         SYMBOL        _i
  D:002FH         SYMBOL        _j
  D:002EH         SYMBOL        _i
  D:002FH         SYMBOL        _j
  D:002EH         SYMBOL        _i
  D:002FH         SYMBOL        _j
  D:002EH         SYMBOL        _i
  D:002FH         SYMBOL        _j
  -------         ENDDO         
  -------         DO            
  D:002EH         SYMBOL        _i
  D:002FH         SYMBOL        _j
  D:002EH         SYMBOL        _i
  D:002FH         SYMBOL        _j
  D:002EH         SYMBOL        _i
  D:002FH         SYMBOL        _j
  -------         ENDDO         
  -------         DO            
  D:002EH         SYMBOL        _i
  D:002FH         SYMBOL        _j
  D:002EH         SYMBOL        _i
  D:002FH         SYMBOL        _j
  -------         ENDDO         
  -------         DO            
  D:002EH         SYMBOL        _i
  D:002FH         SYMBOL        _j
  -------         ENDDO         
  -------         DO            
  D:002EH         SYMBOL        _i
  D:002FH         SYMBOL        _j
  -------         ENDDO         
  -------         DO            
  D:002EH         SYMBOL        _i
  D:002FH         SYMBOL        _j
  D:002EH         SYMBOL        _i
  D:002FH         SYMBOL        _j
BL51 BANKED LINKER/LOCATER V6.10                                                      02/19/2008  13:55:18  PAGE 29


  -------         ENDDO         
  -------         DO            
  D:002EH         SYMBOL        _i
  D:002FH         SYMBOL        _j
  -------         ENDDO         
  -------         ENDDO         
  C:3000H         LINE#         1098
  C:3000H         LINE#         1099
  C:3000H         LINE#         1105
  C:300AH         LINE#         1109
  C:300FH         LINE#         1110
  C:3014H         LINE#         1111
  C:3014H         LINE#         1112
  C:3021H         LINE#         1113
  C:3033H         LINE#         1116
  C:3035H         LINE#         1118
  C:3038H         LINE#         1119
  C:303BH         LINE#         1126
  C:303EH         LINE#         1127
  C:3041H         LINE#         1130
  C:3046H         LINE#         1132
  C:3046H         LINE#         1134
  C:3046H         LINE#         1137
  C:3049H         LINE#         1141
  C:304CH         LINE#         1142
  C:305FH         LINE#         1143
  C:3076H         LINE#         1144
  C:3078H         LINE#         1148
  C:307AH         LINE#         1150
  C:307DH         LINE#         1151
  C:307FH         LINE#         1159
  C:3088H         LINE#         1161
  C:309AH         LINE#         1162
  C:30B1H         LINE#         1163
  C:30B4H         LINE#         1164
  C:30B4H         LINE#         1165
  C:30B7H         LINE#         1166
  C:30B9H         LINE#         1167
  C:30CCH         LINE#         1168
  C:30E3H         LINE#         1169
  C:30E9H         LINE#         1170
  C:30E9H         LINE#         1171
  C:30ECH         LINE#         1172
  C:30EEH         LINE#         1173
  C:3101H         LINE#         1174
  C:3118H         LINE#         1175
  C:311EH         LINE#         1176
  C:311EH         LINE#         1177
  C:3121H         LINE#         1178
  C:3123H         LINE#         1181
  C:3125H         LINE#         1182
  C:313AH         LINE#         1183
  C:3147H         LINE#         1184
  C:3149H         LINE#         1186
  C:3155H         LINE#         1188
  C:3167H         LINE#         1189
  C:317EH         LINE#         1190
BL51 BANKED LINKER/LOCATER V6.10                                                      02/19/2008  13:55:18  PAGE 30


  C:3184H         LINE#         1191
  C:3184H         LINE#         1192
  C:3187H         LINE#         1193
  C:3189H         LINE#         1196
  C:318BH         LINE#         1197
  C:31A0H         LINE#         1198
  C:31B5H         LINE#         1199
  C:31CAH         LINE#         1200
  C:31D7H         LINE#         1201
  C:31D9H         LINE#         1203
  C:31E2H         LINE#         1205
  C:31E4H         LINE#         1206
  C:31F9H         LINE#         1207
  C:320EH         LINE#         1208
  C:321BH         LINE#         1209
  C:321DH         LINE#         1211
  C:3229H         LINE#         1214
  C:323BH         LINE#         1215
  C:3252H         LINE#         1216
  C:3258H         LINE#         1217
  C:3258H         LINE#         1219
  C:325BH         LINE#         1220
  C:325DH         LINE#         1221
  C:3260H         LINE#         1223
  C:3266H         LINE#         1226
  C:3280H         LINE#         1230
  C:3285H         LINE#         1231
  C:3285H         LINE#         1233
  C:3288H         LINE#         1239
  C:328BH         LINE#         1241
  C:328EH         LINE#         1243
  C:3292H         LINE#         1250
  C:3297H         LINE#         1253
  C:329AH         LINE#         1255
  C:329CH         LINE#         1257
  C:329EH         LINE#         1258
  C:32A1H         LINE#         1259
  C:32A1H         LINE#         1262
  C:32A4H         LINE#         1266
  C:32A4H         LINE#         1269
  C:32A6H         LINE#         1270
  C:32BBH         LINE#         1271
  C:32D0H         LINE#         1272
  C:32DDH         LINE#         1273
  C:32DFH         LINE#         1275
  C:32EBH         LINE#         1278
  C:32FDH         LINE#         1279
  C:3314H         LINE#         1280
  C:331AH         LINE#         1281
  C:331AH         LINE#         1282
  C:331DH         LINE#         1283
  C:331FH         LINE#         1286
  C:3332H         LINE#         1287
  C:3349H         LINE#         1288
  C:334FH         LINE#         1289
  C:334FH         LINE#         1290
  C:3352H         LINE#         1291
BL51 BANKED LINKER/LOCATER V6.10                                                      02/19/2008  13:55:18  PAGE 31


  C:3354H         LINE#         1293
  C:3359H         LINE#         1296
  C:3379H         LINE#         1297
  C:3379H         LINE#         1300
  C:337CH         LINE#         1307
  C:337FH         LINE#         1309
  C:3382H         LINE#         1311
  C:3391H         LINE#         1314
  C:3394H         LINE#         1318
  C:339DH         LINE#         1319
  C:33B0H         LINE#         1320
  C:33C7H         LINE#         1321
  C:33CDH         LINE#         1322
  C:33CDH         LINE#         1329
  C:33DFH         LINE#         1330
  C:33E1H         LINE#         1331
  C:33E5H         LINE#         1334
  C:33E8H         LINE#         1339
  C:33EBH         LINE#         1341
  C:33EDH         LINE#         1344
  C:33EFH         LINE#         1347
  C:33F1H         LINE#         1348
  C:3406H         LINE#         1349
  C:341BH         LINE#         1350
  C:3428H         LINE#         1351
  C:342AH         LINE#         1353
  C:3436H         LINE#         1356
  C:3448H         LINE#         1357
  C:345FH         LINE#         1358
  C:3465H         LINE#         1359
  C:3465H         LINE#         1361
  C:3468H         LINE#         1362
  C:346AH         LINE#         1364
  C:3473H         LINE#         1367
  C:347AH         LINE#         1368
  C:349FH         LINE#         1371
  C:34A1H         LINE#         1372
  C:34B6H         LINE#         1373
  C:34CBH         LINE#         1374
  C:34D8H         LINE#         1375
  C:34DAH         LINE#         1377
  C:34E6H         LINE#         1380
  C:34F8H         LINE#         1381
  C:350FH         LINE#         1382
  C:3515H         LINE#         1383
  C:3515H         LINE#         1384
  C:3518H         LINE#         1385
  C:351AH         LINE#         1388
  C:352DH         LINE#         1389
  C:3544H         LINE#         1390
  C:354AH         LINE#         1391
  C:354AH         LINE#         1392
  C:354DH         LINE#         1393
  C:354FH         LINE#         1395
  C:3551H         LINE#         1397
  C:3566H         LINE#         1398
  C:357BH         LINE#         1400
BL51 BANKED LINKER/LOCATER V6.10                                                      02/19/2008  13:55:18  PAGE 32


  C:3590H         LINE#         1403
  C:3595H         LINE#         1404
  C:35B1H         LINE#         1405
  C:35C6H         LINE#         1406
  C:35CDH         LINE#         1408
  C:35E2H         LINE#         1409
  C:35EFH         LINE#         1410
  C:35F1H         LINE#         1412
  C:35F8H         LINE#         1415
  C:35FBH         LINE#         1417
  C:35FEH         LINE#         1418
  C:35FEH         LINE#         1420
  C:3607H         LINE#         1423
  C:360AH         LINE#         1424
  C:360CH         LINE#         1425
  -------         ENDPROC       UPGRADE
  -------         PROC          YIELD
  C:1D1CH         LINE#         1438
  C:1D1CH         LINE#         1439
  C:1D1CH         LINE#         1440
  C:1D21H         LINE#         1448
  C:1D24H         LINE#         1449
  C:1D2FH         LINE#         1452
  C:1D32H         LINE#         1453
  C:1D3DH         LINE#         1457
  C:1D43H         LINE#         1458
  C:1D50H         LINE#         1460
  C:1D52H         LINE#         1462
  C:1D55H         LINE#         1463
  C:1D57H         LINE#         1464
  C:1D57H         LINE#         1467
  C:1D5DH         LINE#         1468
  C:1D61H         LINE#         1469
  C:1D64H         LINE#         1470
  C:1D66H         LINE#         1471
  C:1D66H         LINE#         1473
  C:1D6CH         LINE#         1474
  C:1D6EH         LINE#         1485
  C:1D71H         LINE#         1486
  C:1D71H         LINE#         1501
  C:1D84H         LINE#         1502
  C:1D86H         LINE#         1504
  -------         ENDPROC       YIELD
  -------         PROC          MAIN
  C:22F1H         LINE#         1512
  C:22F1H         LINE#         1513
  C:22F1H         LINE#         1514
  C:22F4H         LINE#         1516
  C:22F4H         LINE#         1517
  C:22F7H         LINE#         1523
  C:22FAH         LINE#         1525
  -------         ENDPROC       MAIN
  -------         ENDMOD        MSCBMAIN

  -------         MODULE        MSCBUTIL
  C:0000H         SYMBOL        _ICE_DUMMY_
  C:1EF8H         PUBLIC        eeprom_erase
BL51 BANKED LINKER/LOCATER V6.10                                                      02/19/2008  13:55:18  PAGE 33


  D:0080H         PUBLIC        P0
  C:1BAAH         PUBLIC        timer0_int
  D:00FFH         PUBLIC        WDTCN
  D:00A0H         PUBLIC        P2
  C:2227H         PUBLIC        _?watchdog_int
  B:00A8H.7       PUBLIC        EA
  C:2247H         PUBLIC        sysclock_init
  D:008FH         PUBLIC        PSCTL
  C:1D98H         PUBLIC        _eeprom_read
  D:0084H         PUBLIC        SFRPAGE
  C:22BDH         PUBLIC        watchdog_disable
  B:0021H.7       PUBLIC        watchdog_on
  C:22D8H         PUBLIC        uptime
  C:18B4H         PUBLIC        _eeprom_write
  D:004FH         SYMBOL        _uptime_cnt
  C:2266H         PUBLIC        _watchdog_enable
  D:00CBH         PUBLIC        RCAP2H
  B:00B8H.4       PUBLIC        PS
  D:00CAH         PUBLIC        RCAP2L
  I:007CH         PUBLIC        leds
  C:1CA3H         PUBLIC        _?led_blink
  C:21B5H         PUBLIC        _?watchdog_refresh
  D:00C9H         PUBLIC        TMR2CF
  C:22CBH         PUBLIC        time
  D:0089H         PUBLIC        TMOD
  D:00C8H         PUBLIC        TMR2CN
  C:21DEH         PUBLIC        _?led_mode
  D:0050H         PUBLIC        watchdog_timeout
  B:00A0H.7       PUBLIC        led_0
  B:00A8H.4       PUBLIC        ES0
  B:00A8H.1       PUBLIC        ET0
  D:008CH         PUBLIC        TH0
  D:008AH         PUBLIC        TL0
  C:2161H         PUBLIC        _delay_ms
  C:218CH         PUBLIC        _uart_init
  B:00B8H.3       PUBLIC        PT1
  B:0088H.4       PUBLIC        TR0
  C:17D4H         PUBLIC        _eeprom_retrieve
  D:0051H         PUBLIC        watchdog_timer
  C:1E50H         PUBLIC        _delay_us
  C:19F5H         PUBLIC        _?led_int
  D:00EFH         PUBLIC        RSTSRC
  C:2017H         PUBLIC        _?led_set
  D:0098H         PUBLIC        SCON0
  D:0091H         PUBLIC        SSTA0
  C:16CAH         PUBLIC        crc8_data
  D:008EH         PUBLIC        CKCON
  C:1B1EH         PUBLIC        _?crc8
  D:0053H         SYMBOL        _systime
  D:00B7H         PUBLIC        FLSCL
  D:0057H         SYMBOL        _uptime
  C:1FD5H         PUBLIC        sysclock_reset
  C:0003H         PUBLIC        _crc8_add
  C:1952H         PUBLIC        eeprom_flash
  -------         PROC          _?CRC8
  i:0004H         SYMBOL        buffer
  i:0007H         SYMBOL        len
BL51 BANKED LINKER/LOCATER V6.10                                                      02/19/2008  13:55:18  PAGE 34


  -------         DO            
  i:0000H         SYMBOL        i
  i:0002H         SYMBOL        crc8_code
  i:0003H         SYMBOL        index
  -------         ENDDO         
  C:1B1EH         LINE#         65
  C:1B42H         LINE#         86
  C:1B47H         LINE#         87
  C:1B66H         LINE#         88
  C:1B88H         LINE#         89
  C:1B92H         LINE#         90
  C:1B9DH         LINE#         92
  C:1BA3H         LINE#         93
  -------         ENDPROC       _?CRC8
  -------         PROC          _CRC8_ADD
  D:0007H         SYMBOL        crc
  D:0004H         SYMBOL        c
  -------         DO            
  D:0007H         SYMBOL        index
  -------         ENDDO         
  C:0003H         LINE#         95
  C:0003H         LINE#         111
  C:0003H         LINE#         114
  C:0005H         LINE#         115
  C:000AH         LINE#         116
  -------         ENDPROC       _CRC8_ADD
  -------         PROC          _UART_INIT
  D:0007H         SYMBOL        port
  D:0005H         SYMBOL        baud
  -------         DO            
  C:17CAH         SYMBOL        baud_table
  -------         ENDDO         
  C:218CH         LINE#         443
  C:218CH         LINE#         465
  C:218CH         LINE#         564
  C:218FH         LINE#         567
  C:2191H         LINE#         570
  C:2194H         LINE#         574
  C:2196H         LINE#         575
  C:2199H         LINE#         577
  C:219BH         LINE#         578
  C:219EH         LINE#         583
  C:21A1H         LINE#         584
  C:21A8H         LINE#         586
  C:21ABH         LINE#         587
  C:21AEH         LINE#         605
  C:21B0H         LINE#         606
  C:21B2H         LINE#         659
  C:21B2H         LINE#         661
  C:21B4H         LINE#         662
  -------         ENDPROC       _UART_INIT
  -------         PROC          SYSCLOCK_RESET
  -------         DO            
  D:0007H         SYMBOL        i
  -------         ENDDO         
  C:1FD5H         LINE#         712
  C:1FD5H         LINE#         720
BL51 BANKED LINKER/LOCATER V6.10                                                      02/19/2008  13:55:18  PAGE 35


  C:1FD5H         LINE#         723
  C:1FDEH         LINE#         724
  C:1FE6H         LINE#         725
  C:1FE9H         LINE#         727
  C:1FEAH         LINE#         728
  C:1FF4H         LINE#         729
  C:1FFEH         LINE#         730
  C:2008H         LINE#         731
[...]
  C:1EA5H         LINE#         1194
  -------         ENDPROC       _DELAY_US
  -------         PROC          L?0106
  -------         ENDPROC       L?0106
  -------         PROC          _EEPROM_READ
  D:002EH         SYMBOL        dst
  D:0031H         SYMBOL        len
  D:0032H         SYMBOL        offset
  -------         DO            
  D:0005H         SYMBOL        i
  D:0006H         SYMBOL        p
  D:0035H         SYMBOL        d
  -------         ENDDO         
  C:1D98H         LINE#         1200
  C:1DA0H         LINE#         1214
  C:1DA0H         LINE#         1219
  C:1DA5H         LINE#         1221
  C:1DB6H         LINE#         1222
  C:1DBFH         LINE#         1224
  C:1DC7H         LINE#         1225
  C:1DE2H         LINE#         1227
  -------         ENDPROC       _EEPROM_READ
  -------         PROC          L?0105
  -------         ENDPROC       L?0105
  -------         PROC          _EEPROM_WRITE
  D:0029H         SYMBOL        src
  D:002CH         SYMBOL        len
  D:002DH         SYMBOL        offset
  -------         DO            
  I:0067H         SYMBOL        p
  I:0069H         SYMBOL        i
BL51 BANKED LINKER/LOCATER V6.10                                                      02/19/2008  13:55:18  PAGE 39


  I:006AH         SYMBOL        b
  I:006BH         SYMBOL        s
  -------         ENDDO         
  C:18B4H         LINE#         1232
  C:18BCH         LINE#         1246
  C:18BCH         LINE#         1251
  C:18C6H         LINE#         1254
  C:18C9H         LINE#         1255
  C:18CBH         LINE#         1258
  C:18CEH         LINE#         1264
  C:18D1H         LINE#         1266
  C:18D4H         LINE#         1268
  C:18EAH         LINE#         1269
  C:18FAH         LINE#         1271
  C:1906H         LINE#         1272
  C:191EH         LINE#         1279
  C:1933H         LINE#         1280
  C:1938H         LINE#         1282
  C:193BH         LINE#         1283
  C:193EH         LINE#         1285
  C:194AH         LINE#         1287
  C:194CH         LINE#         1288
  C:1951H         LINE#         1289
  -------         ENDPROC       _EEPROM_WRITE
  -------         PROC          EEPROM_ERASE
  -------         DO            
  I:0067H         SYMBOL        i
  I:0068H         SYMBOL        p
  -------         ENDDO         
  C:1EF8H         LINE#         1293
  C:1EF8H         LINE#         1301
  C:1EF8H         LINE#         1305
  C:1EFFH         LINE#         1308
  C:1F01H         LINE#         1309
  C:1F04H         LINE#         1312
  C:1F07H         LINE#         1318
  C:1F0AH         LINE#         1320
  C:1F0DH         LINE#         1332
  C:1F13H         LINE#         1333
  C:1F16H         LINE#         1334
  C:1F22H         LINE#         1335
  C:1F27H         LINE#         1336
  C:1F31H         LINE#         1337
  C:1F39H         LINE#         1340
  C:1F3CH         LINE#         1341
  C:1F3FH         LINE#         1343
  C:1F41H         LINE#         1344
  C:1F45H         LINE#         1345
  -------         ENDPROC       EEPROM_ERASE
  -------         PROC          EEPROM_FLASH
  -------         DO            
  D:0023H         SYMBOL        i
  D:0024H         SYMBOL        adr
  D:0025H         SYMBOL        magic
  D:0027H         SYMBOL        offset
  -------         ENDDO         
  C:1952H         LINE#         1349
BL51 BANKED LINKER/LOCATER V6.10                                                      02/19/2008  13:55:18  PAGE 40


  C:1952H         LINE#         1357
  C:1952H         LINE#         1361
  C:1955H         LINE#         1363
  C:195AH         LINE#         1366
  C:196CH         LINE#         1369
  C:196CH         LINE#         1370
  C:196FH         LINE#         1373
  C:197AH         LINE#         1374
  C:1993H         LINE#         1375
  C:19EDH         LINE#         1379
  C:19EDH         LINE#         1380
  C:19F0H         LINE#         1382
  C:19F4H         LINE#         1383
  -------         ENDPROC       EEPROM_FLASH
  -------         PROC          _EEPROM_RETRIEVE
  D:0004H         SYMBOL        flag
  -------         DO            
  D:0027H         SYMBOL        i
  D:0028H         SYMBOL        adr
  D:0029H         SYMBOL        status
  D:002AH         SYMBOL        magic
  D:002CH         SYMBOL        offset
  -------         ENDDO         
  C:17D4H         LINE#         1387
  C:17D7H         LINE#         1395
  C:17D7H         LINE#         1399
  C:17DCH         LINE#         1400
  C:17DEH         LINE#         1403
  C:17F0H         LINE#         1406
  C:17F3H         LINE#         1407
  C:17FFH         LINE#         1408
  C:1802H         LINE#         1411
  C:1808H         LINE#         1412
  C:1813H         LINE#         1413
  C:182CH         LINE#         1414
  C:1886H         LINE#         1418
  C:1889H         LINE#         1419
  C:1895H         LINE#         1420
  C:1895H         LINE#         1421
  C:1897H         LINE#         1422
  C:189AH         LINE#         1424
  C:189CH         LINE#         1425
  -------         ENDPROC       _EEPROM_RETRIEVE
  -------         ENDMOD        MSCBUTIL

  -------         MODULE        FEB64
  C:0000H         SYMBOL        _ICE_DUMMY_
  D:0080H         PUBLIC        P0
  D:0084H         PUBLIC        SFRPAGE
  D:00A4H         PUBLIC        P0MDOUT
  D:00A5H         PUBLIC        P1MDOUT
  D:00A6H         PUBLIC        P2MDOUT
  D:00FCH         PUBLIC        PCA0CPH0
  D:00FBH         PUBLIC        PCA0CPL0
  D:00DAH         PUBLIC        PCA0CPM0
  D:00D9H         PUBLIC        PCA0MD
  D:00D8H         PUBLIC        PCA0CN
BL51 BANKED LINKER/LOCATER V6.10                                                      02/19/2008  13:55:18  PAGE 41


  D:00E1H         PUBLIC        XBR0
  D:00E2H         PUBLIC        XBR1
  D:00E3H         PUBLIC        XBR2
  C:0026H         PUBLIC        node_name
  D:0063H         PUBLIC        qpump
  C:002CH         PUBLIC        vars
  X:0000H         PUBLIC        user_data
  D:0064H         PUBLIC        variables
  C:2320H         PUBLIC        _user_read
  C:2100H         PUBLIC        _?user_write
  C:2134H         PUBLIC        _user_func
  C:22A1H         PUBLIC        _user_init
  C:2058H         PUBLIC        user_loop
  C:2096H         PUBLIC        _pca_operation
  I:001FH         PUBLIC        _n_sub_addr
  -------         PROC          _USER_INIT
  D:0007H         SYMBOL        init
  C:22A1H         LINE#         205
  C:22A1H         LINE#         206
  C:22A1H         LINE#         209
  C:22A4H         LINE#         210
  C:22A7H         LINE#         211
  C:22A9H         LINE#         214
  C:22ABH         LINE#         261
  C:22AEH         LINE#         262
  C:22B3H         LINE#         266
  C:22B6H         LINE#         267
  C:22BCH         LINE#         278
  -------         ENDPROC       _USER_INIT
  -------         PROC          _PCA_OPERATION
  D:0007H         SYMBOL        mode
  C:2096H         LINE#         282
  C:2096H         LINE#         283
  C:2096H         LINE#         285
  C:209BH         LINE#         286
  C:209BH         LINE#         288
  C:209EH         LINE#         289
  C:20A1H         LINE#         290
  C:20A4H         LINE#         291
  C:20A7H         LINE#         292
  C:20AAH         LINE#         294
  C:20ACH         LINE#         295
  C:20AFH         LINE#         296
  C:20B1H         LINE#         297
  C:20B4H         LINE#         298
  C:20B6H         LINE#         299
  C:20B6H         LINE#         300
  C:20B8H         LINE#         301
  C:20BBH         LINE#         302
  C:20BBH         LINE#         303
  C:20BEH         LINE#         304
  C:20C0H         LINE#         306
  C:20C1H         LINE#         307
  C:20C4H         LINE#         308
  C:20C4H         LINE#         309
  C:20C7H         LINE#         310
  C:20CAH         LINE#         312
BL51 BANKED LINKER/LOCATER V6.10                                                      02/19/2008  13:55:18  PAGE 42


  C:20CAH         LINE#         313
  -------         ENDPROC       _PCA_OPERATION
  -------         PROC          _?USER_WRITE
  i:0002H         SYMBOL        index
  -------         DO            
  i:0000H         SYMBOL        command
  i:0001H         SYMBOL        mask
  -------         ENDDO         
  C:2100H         LINE#         320
  C:210AH         LINE#         326
  C:2111H         LINE#         328
  C:2119H         LINE#         329
  C:211EH         LINE#         331
  C:2126H         LINE#         332
  C:212DH         LINE#         333
  C:212DH         LINE#         334
  -------         ENDPROC       _?USER_WRITE
  -------         PROC          _USER_READ
  D:0049H         SYMBOL        index
  C:2320H         LINE#         338
  C:2322H         LINE#         339
  C:2322H         LINE#         340
  C:2322H         LINE#         341
  C:2324H         LINE#         342
  -------         ENDPROC       _USER_READ
  -------         PROC          _USER_FUNC
  D:0049H         SYMBOL        data_in
  D:004CH         SYMBOL        data_out
  C:2134H         LINE#         346
  C:213AH         LINE#         347
  C:213AH         LINE#         349
  C:2146H         LINE#         350
  C:215EH         LINE#         351
  C:2160H         LINE#         352
  -------         ENDPROC       _USER_FUNC
  -------         PROC          USER_LOOP
  -------         DO            
  D:0023H         SYMBOL        chNum
  -------         ENDDO         
  C:2058H         LINE#         356
  C:2058H         LINE#         357
  C:2058H         LINE#         358
  C:205BH         LINE#         359
  C:205FH         LINE#         361
  C:2066H         LINE#         362
  C:2066H         LINE#         363
  C:2068H         LINE#         364
  C:206AH         LINE#         366
  C:206AH         LINE#         367
  C:206FH         LINE#         368
  C:206FH         LINE#         371
  C:2076H         LINE#         372
  C:2076H         LINE#         374
  C:208BH         LINE#         376
  C:208BH         LINE#         380
  C:2092H         LINE#         381
  C:2092H         LINE#         382
BL51 BANKED LINKER/LOCATER V6.10                                                      02/19/2008  13:55:18  PAGE 43


  C:2095H         LINE#         387
  C:2095H         LINE#         389
  -------         ENDPROC       USER_LOOP
  -------         ENDMOD        FEB64

  -------         MODULE        PCA9539_IO
  C:0000H         SYMBOL        _ICE_DUMMY_
  -------         ENDMOD        PCA9539_IO

  -------         MODULE        SMBUS_HANDLER
  C:0000H         SYMBOL        _ICE_DUMMY_
  D:0080H         PUBLIC        P0
  B:00C0H.2       PUBLIC        AA
  D:0084H         PUBLIC        SFRPAGE
  B:00C0H.3       PUBLIC        SI
  D:00C0H         PUBLIC        SMB0CN
  D:00CFH         PUBLIC        SMB0CR
  D:00C8H         PUBLIC        TMR3CN
  C:2307H         PUBLIC        SMBus_Start
  C:2311H         PUBLIC        SMBus_ReadByte
  C:000EH         PUBLIC        SMBus_Init
  C:2205H         PUBLIC        _SMBus_WriteByte
  C:2325H         PUBLIC        SMBus_Stop
  C:20CBH         PUBLIC        SMBus_SerialInterrupt
  B:00C0H.5       PUBLIC        STA
  D:00C2H         PUBLIC        SMB0DAT
  B:00C0H.4       PUBLIC        STO
  -------         PROC          SMBUS_INIT
  C:000EH         LINE#         29
  C:000EH         LINE#         30
  C:000EH         LINE#         45
  C:0011H         LINE#         46
  C:0014H         LINE#         47
  C:0017H         LINE#         48
  C:001AH         LINE#         49
  C:001DH         LINE#         50
  C:0020H         LINE#         52
  -------         ENDPROC       SMBUS_INIT
  -------         PROC          SMBUS_START
  C:2307H         LINE#         67
  C:2307H         LINE#         68
  C:2307H         LINE#         69
  C:2309H         LINE#         70
  C:230BH         LINE#         71
  C:230EH         LINE#         72
  C:2310H         LINE#         73
  -------         ENDPROC       SMBUS_START
  -------         PROC          _SMBUS_WRITEBYTE
  D:0007H         SYMBOL        Byte
  D:0005H         SYMBOL        RW_flag
  C:2205H         LINE#         75
  C:2205H         LINE#         76
  C:2205H         LINE#         77
  C:2208H         LINE#         78
  C:220BH         LINE#         79
  C:220BH         LINE#         80
  C:2212H         LINE#         81
BL51 BANKED LINKER/LOCATER V6.10                                                      02/19/2008  13:55:18  PAGE 44


  C:2214H         LINE#         82
  C:2217H         LINE#         83
  C:2217H         LINE#         84
  C:221EH         LINE#         85
  C:2220H         LINE#         87
  C:2220H         LINE#         88
  C:2222H         LINE#         89
  C:2222H         LINE#         90
  C:2224H         LINE#         91
  -------         ENDPROC       _SMBUS_WRITEBYTE
  -------         PROC          SMBUS_READBYTE
  C:2311H         LINE#         94
  C:2311H         LINE#         95
  C:2311H         LINE#         96
  C:2313H         LINE#         97
  C:2316H         LINE#         98
  C:2318H         LINE#         99
  C:231AH         LINE#         100
  -------         ENDPROC       SMBUS_READBYTE
  -------         PROC          SMBUS_STOP
  C:2325H         LINE#         102
  C:2325H         LINE#         103
  C:2325H         LINE#         104
  C:2327H         LINE#         105
  C:2329H         LINE#         106
  -------         ENDPROC       SMBUS_STOP
  -------         PROC          SMBUS_SERIALINTERRUPT
  -------         DO            
  D:0028H         SYMBOL        startTime
  -------         ENDDO         
  C:20CBH         LINE#         108
  C:20CBH         LINE#         109
  C:20CBH         LINE#         110
  C:20CEH         LINE#         112
  C:20D3H         LINE#         114
  C:20D6H         LINE#         115
  C:20D6H         LINE#         117
  C:20FDH         LINE#         118
  C:20FDH         LINE#         119
  C:20FEH         LINE#         120
  C:20FEH         LINE#         121
  C:20FEH         LINE#         124
  C:20FFH         LINE#         125
  -------         ENDPROC       SMBUS_SERIALINTERRUPT
  -------         ENDMOD        SMBUS_HANDLER

  -------         MODULE        LTC1669_DAC
  C:0000H         SYMBOL        _ICE_DUMMY_
  D:0080H         PUBLIC        P0
  B:00C0H.2       PUBLIC        AA
  C:1F8EH         PUBLIC        _LTC1669_Cmd
  C:232AH         PUBLIC        LTC1669_Init
  -------         PROC          LTC1669_INIT
  C:232AH         LINE#         20
  C:232AH         LINE#         21
  C:232AH         LINE#         22
  -------         ENDPROC       LTC1669_INIT
BL51 BANKED LINKER/LOCATER V6.10                                                      02/19/2008  13:55:18  PAGE 45


  -------         PROC          _LTC1669_CMD
  D:0024H         SYMBOL        addr
  D:0025H         SYMBOL        datMSB
  D:0026H         SYMBOL        datLSB
  B:0022H.0       SYMBOL        flag
  -------         DO            
  D:0027H         SYMBOL        readValue
  -------         ENDDO         
  C:1F8EH         LINE#         25
  C:1F94H         LINE#         26
  C:1F94H         LINE#         27
  C:1F97H         LINE#         28
  C:1F9BH         LINE#         29
  C:1F9EH         LINE#         30
  C:1F9EH         LINE#         35
  C:1FA1H         LINE#         36
  C:1FA8H         LINE#         37
  C:1FABH         LINE#         38
  C:1FB0H         LINE#         40
  C:1FB0H         LINE#         41
  C:1FB2H         LINE#         43
  C:1FB2H         LINE#         44
  C:1FB5H         LINE#         45
  C:1FBCH         LINE#         47
  C:1FC3H         LINE#         49
  C:1FCAH         LINE#         51
  C:1FD1H         LINE#         53
  C:1FD4H         LINE#         54
  C:1FD4H         LINE#         55
  -------         ENDPROC       _LTC1669_CMD
  -------         ENDMOD        LTC1669_DAC

  -------         MODULE        ?C?CLDPTR
  C:133AH         PUBLIC        ?C?CLDPTR
  -------         ENDMOD        ?C?CLDPTR

  -------         MODULE        ?C?CLDOPTR
  C:1353H         PUBLIC        ?C?CLDOPTR
  -------         ENDMOD        ?C?CLDOPTR

  -------         MODULE        ?C?CSTPTR
  C:1380H         PUBLIC        ?C?CSTPTR
  -------         ENDMOD        ?C?CSTPTR

  -------         MODULE        ?C?CSTOPTR
  C:1392H         PUBLIC        ?C?CSTOPTR
  -------         ENDMOD        ?C?CSTOPTR

  -------         MODULE        ?C?IMUL
  C:13B4H         PUBLIC        ?C?IMUL
  -------         ENDMOD        ?C?IMUL

  -------         MODULE        ?C?SIDIV
  C:13C6H         PUBLIC        ?C?SIDIV
  -------         ENDMOD        ?C?SIDIV

  -------         MODULE        ?C?ILDPTR
BL51 BANKED LINKER/LOCATER V6.10                                                      02/19/2008  13:55:18  PAGE 46


  C:13FCH         PUBLIC        ?C?ILDPTR
  -------         ENDMOD        ?C?ILDPTR

  -------         MODULE        ?C?IILDPTR
  C:1427H         PUBLIC        ?C?IILDPTR
  -------         ENDMOD        ?C?IILDPTR

  -------         MODULE        ?C?SLCMP
  C:145FH         PUBLIC        ?C?SLCMP
  -------         ENDMOD        ?C?SLCMP

  -------         MODULE        ?C?ULCMP
  C:1475H         PUBLIC        ?C?ULCMP
  -------         ENDMOD        ?C?ULCMP

  -------         MODULE        ?C?LSTIDATA
  C:1486H         PUBLIC        ?C?LSTIDATA
  -------         ENDMOD        ?C?LSTIDATA

  -------         MODULE        ?C?OFFX256
  C:1492H         PUBLIC        ?C?OFFX256
  -------         ENDMOD        ?C?OFFX256

  -------         MODULE        ?C?PLDOPTR
  C:14A3H         PUBLIC        ?C?PLDOPTR
  -------         ENDMOD        ?C?PLDOPTR

  -------         MODULE        ?C?CCASE
  C:14D3H         PUBLIC        ?C?CCASE
  -------         ENDMOD        ?C?CCASE

  -------         MODULE        ?C_IBP
  D:001EH         PUBLIC        ?C_IBP
  -------         ENDMOD        ?C_IBP

  -------         MODULE        STRNCPY
  D:0027H         PUBLIC        ?_strncpy?BYTE
  C:1EA6H         PUBLIC        _strncpy
  -------         ENDMOD        STRNCPY

  -------         MODULE        ?C?MEMSET
  C:14F9H         PUBLIC        ?C?MEMSET
  -------         ENDMOD        ?C?MEMSET

  -------         MODULE        ?C?UIDIV
  C:1525H         PUBLIC        ?C?UIDIV
  -------         ENDMOD        ?C?UIDIV

  -------         MODULE        ?C?IILDX
  C:157AH         PUBLIC        ?C?IILDX
  -------         ENDMOD        ?C?IILDX

  -------         MODULE        ?C?PLDIDATA
  C:1590H         PUBLIC        ?C?PLDIDATA
  -------         ENDMOD        ?C?PLDIDATA

  -------         MODULE        ?C?PLDXDATA
BL51 BANKED LINKER/LOCATER V6.10                                                      02/19/2008  13:55:18  PAGE 47


  C:1599H         PUBLIC        ?C?PLDXDATA
  -------         ENDMOD        ?C?PLDXDATA

  -------         MODULE        ?C?PLDPDATA
  C:15A2H         PUBLIC        ?C?PLDPDATA
  -------         ENDMOD        ?C?PLDPDATA

  -------         MODULE        ?C?PLDCODE
  C:15ABH         PUBLIC        ?C?PLDCODE
  -------         ENDMOD        ?C?PLDCODE

*** WARNING L16: UNCALLED SEGMENT, IGNORED FOR OVERLAY PROCESS
    SEGMENT: ?PR?CUR_SUB_ADDR?MSCBMAIN

*** WARNING L16: UNCALLED SEGMENT, IGNORED FOR OVERLAY PROCESS
    SEGMENT: ?PR?_DELAY_MS?MSCBUTIL

Program Size: data=130.1 xdata=423 code=10552
LINK/LOCATE RUN COMPLETE.  2 WARNING(S),  0 ERROR(S)
